../Core/Src/main.c:128:7:ADC_to_Voltage	24	static
../Core/Src/main.c:134:6:generate_linear	64	static
../Core/Src/main.c:153:6:generate_sine_wave	48	static
../Core/Src/main.c:164:6:AD5761_Read	32	static
../Core/Src/main.c:185:6:AD5761_Write	24	static
../Core/Src/main.c:199:6:AD5761_Init	8	static
../Core/Src/main.c:206:6:HandleAlertCondition	8	static
../Core/Src/main.c:213:6:HAL_GPIO_EXTI_Callback	16	static
../Core/Src/main.c:228:5:main	16	static
../Core/Src/main.c:315:6:SystemClock_Config	96	static
../Core/Src/main.c:365:13:MX_ADC1_Init	32	static
../Core/Src/main.c:436:13:MX_SPI3_Init	8	static
../Core/Src/main.c:476:13:MX_TIM1_Init	112	static
../Core/Src/main.c:556:13:MX_USART2_UART_Init	8	static
../Core/Src/main.c:589:13:MX_DMA_Init	16	static
../Core/Src/main.c:610:13:MX_GPIO_Init	40	static
../Core/Src/main.c:650:6:HAL_UART_RxCpltCallback	48	static
../Core/Src/main.c:690:6:HAL_ADC_ConvHalfCpltCallback	40	static
../Core/Src/main.c:709:6:HAL_ADC_ConvCpltCallback	16	static
../Core/Src/main.c:731:6:Error_Handler	4	static,ignoring_inline_asm
