../Core/Src/main.c:127:7:ADC_to_Voltage	24	static
../Core/Src/main.c:138:6:generate_linear	64	static
../Core/Src/main.c:168:6:AD5761_Read	32	static
../Core/Src/main.c:189:6:AD5761_Write	24	static
../Core/Src/main.c:203:6:AD5761_Init	8	static
../Core/Src/main.c:210:6:HandleAlertCondition	8	static
../Core/Src/main.c:217:6:HAL_GPIO_EXTI_Callback	16	static
../Core/Src/main.c:232:5:main	48	static
../Core/Src/main.c:319:6:SystemClock_Config	96	static
../Core/Src/main.c:369:13:MX_ADC1_Init	32	static
../Core/Src/main.c:440:13:MX_SPI3_Init	8	static
../Core/Src/main.c:480:13:MX_TIM1_Init	112	static
../Core/Src/main.c:560:13:MX_USART2_UART_Init	8	static
../Core/Src/main.c:593:13:MX_DMA_Init	16	static
../Core/Src/main.c:614:13:MX_GPIO_Init	40	static
../Core/Src/main.c:654:6:HAL_UART_RxCpltCallback	48	static
../Core/Src/main.c:695:6:HAL_ADC_ConvHalfCpltCallback	40	static
../Core/Src/main.c:714:6:HAL_ADC_ConvCpltCallback	16	static
../Core/Src/main.c:736:6:Error_Handler	4	static,ignoring_inline_asm
