../Core/Src/main.c:80:6:generate_sine_wave	48	static
../Core/Src/main.c:91:6:AD5761_Read	32	static
../Core/Src/main.c:117:6:AD5761_Write	24	static
../Core/Src/main.c:131:6:AD5761_Init	8	static
../Core/Src/main.c:138:6:HandleAlertCondition	8	static
../Core/Src/main.c:149:6:HAL_GPIO_EXTI_Callback	16	static
../Core/Src/main.c:168:5:main	16	static
../Core/Src/main.c:229:6:SystemClock_Config	96	static
../Core/Src/main.c:279:13:MX_SPI3_Init	8	static
../Core/Src/main.c:319:13:MX_USART2_UART_Init	8	static
../Core/Src/main.c:354:13:MX_GPIO_Init	40	static
../Core/Src/main.c:408:6:Error_Handler	4	static,ignoring_inline_asm
