../Core/Src/main.c:70:6:AD5761_Read	32	static
../Core/Src/main.c:96:6:AD5761_Write	24	static
../Core/Src/main.c:110:6:AD5761_Init	8	static
../Core/Src/main.c:117:6:HandleAlertCondition	8	static
../Core/Src/main.c:128:6:HAL_GPIO_EXTI_Callback	16	static
../Core/Src/main.c:141:5:main	8	static
../Core/Src/main.c:188:6:SystemClock_Config	96	static
../Core/Src/main.c:249:13:MX_SPI3_Init	8	static
../Core/Src/main.c:289:13:MX_USART2_UART_Init	8	static
../Core/Src/main.c:324:13:MX_GPIO_Init	40	static
../Core/Src/main.c:367:6:Error_Handler	4	static,ignoring_inline_asm
