00:02:54 **** Incremental Build of configuration Debug for project Project1 ****
make -j24 all 
arm-none-eabi-size  Project1.elf 
   text	   data	    bss	    dec	    hex	filename
  50928	    484	  62532	 113944	  1bd18	Project1.elf
Finished building: default.size.stdout
 
00:02:57 **** Incremental Build of configuration Debug for project Project1 ****
make -j24 all 
arm-none-eabi-size  Project1.elf 
   text	   data	    bss	    dec	    hex	filename
  50928	    484	  62532	 113944	  1bd18	Project1.elf
Finished building: default.size.stdout
 
00:04:18 **** Incremental Build of configuration Debug for project Project1 ****
make -j24 all 
arm-none-eabi-size  Project1.elf 
   text	   data	    bss	    dec	    hex	filename
  50928	    484	  62532	 113944	  1bd18	Project1.elf
Finished building: default.size.stdout
 
00:07:21 **** Incremental Build of configuration Debug for project Project1 ****
make -j24 all 
arm-none-eabi-size  Project1.elf 
   text	   data	    bss	    dec	    hex	filename
  50928	    484	  62532	 113944	  1bd18	Project1.elf
Finished building: default.size.stdout
 
00:08:27 **** Incremental Build of configuration Debug for project Project1 ****
make -j24 all 
arm-none-eabi-size  Project1.elf 
   text	   data	    bss	    dec	    hex	filename
  50928	    484	  62532	 113944	  1bd18	Project1.elf
Finished building: default.size.stdout
 
00:12:35 **** Incremental Build of configuration Debug for project Project1 ****
make -j24 all 
arm-none-eabi-gcc "../Drivers/STM32L4xx_HAL_Driver/Src/stm32l4xx_hal.c" -mcpu=cortex-m4 -std=gnu11 -g3 -DDEBUG -DUSE_HAL_DRIVER -DSTM32L432xx -c -I../Core/Inc -I../Drivers/STM32L4xx_HAL_Driver/Inc -I../Drivers/STM32L4xx_HAL_Driver/Inc/Legacy -I../Drivers/CMSIS/Device/ST/STM32L4xx/Include -I../Drivers/CMSIS/Include -O0 -ffunction-sections -fdata-sections -Wall -fstack-usage -fcyclomatic-complexity -MMD -MP -MF"Drivers/STM32L4xx_HAL_Driver/Src/stm32l4xx_hal.d" -MT"Drivers/STM32L4xx_HAL_Driver/Src/stm32l4xx_hal.o" --specs=nano.specs -mfpu=fpv4-sp-d16 -mfloat-abi=hard -mthumb -o "Drivers/STM32L4xx_HAL_Driver/Src/stm32l4xx_hal.o"
arm-none-eabi-gcc "../Drivers/STM32L4xx_HAL_Driver/Src/stm32l4xx_hal_adc.c" -mcpu=cortex-m4 -std=gnu11 -g3 -DDEBUG -DUSE_HAL_DRIVER -DSTM32L432xx -c -I../Core/Inc -I../Drivers/STM32L4xx_HAL_Driver/Inc -I../Drivers/STM32L4xx_HAL_Driver/Inc/Legacy -I../Drivers/CMSIS/Device/ST/STM32L4xx/Include -I../Drivers/CMSIS/Include -O0 -ffunction-sections -fdata-sections -Wall -fstack-usage -fcyclomatic-complexity -MMD -MP -MF"Drivers/STM32L4xx_HAL_Driver/Src/stm32l4xx_hal_adc.d" -MT"Drivers/STM32L4xx_HAL_Driver/Src/stm32l4xx_hal_adc.o" --specs=nano.specs -mfpu=fpv4-sp-d16 -mfloat-abi=hard -mthumb -o "Drivers/STM32L4xx_HAL_Driver/Src/stm32l4xx_hal_adc.o"
arm-none-eabi-gcc "../Drivers/STM32L4xx_HAL_Driver/Src/stm32l4xx_hal_adc_ex.c" -mcpu=cortex-m4 -std=gnu11 -g3 -DDEBUG -DUSE_HAL_DRIVER -DSTM32L432xx -c -I../Core/Inc -I../Drivers/STM32L4xx_HAL_Driver/Inc -I../Drivers/STM32L4xx_HAL_Driver/Inc/Legacy -I../Drivers/CMSIS/Device/ST/STM32L4xx/Include -I../Drivers/CMSIS/Include -O0 -ffunction-sections -fdata-sections -Wall -fstack-usage -fcyclomatic-complexity -MMD -MP -MF"Drivers/STM32L4xx_HAL_Driver/Src/stm32l4xx_hal_adc_ex.d" -MT"Drivers/STM32L4xx_HAL_Driver/Src/stm32l4xx_hal_adc_ex.o" --specs=nano.specs -mfpu=fpv4-sp-d16 -mfloat-abi=hard -mthumb -o "Drivers/STM32L4xx_HAL_Driver/Src/stm32l4xx_hal_adc_ex.o"
arm-none-eabi-gcc "../Drivers/STM32L4xx_HAL_Driver/Src/stm32l4xx_hal_cortex.c" -mcpu=cortex-m4 -std=gnu11 -g3 -DDEBUG -DUSE_HAL_DRIVER -DSTM32L432xx -c -I../Core/Inc -I../Drivers/STM32L4xx_HAL_Driver/Inc -I../Drivers/STM32L4xx_HAL_Driver/Inc/Legacy -I../Drivers/CMSIS/Device/ST/STM32L4xx/Include -I../Drivers/CMSIS/Include -O0 -ffunction-sections -fdata-sections -Wall -fstack-usage -fcyclomatic-complexity -MMD -MP -MF"Drivers/STM32L4xx_HAL_Driver/Src/stm32l4xx_hal_cortex.d" -MT"Drivers/STM32L4xx_HAL_Driver/Src/stm32l4xx_hal_cortex.o" --specs=nano.specs -mfpu=fpv4-sp-d16 -mfloat-abi=hard -mthumb -o "Drivers/STM32L4xx_HAL_Driver/Src/stm32l4xx_hal_cortex.o"
arm-none-eabi-gcc "../Drivers/STM32L4xx_HAL_Driver/Src/stm32l4xx_hal_dma.c" -mcpu=cortex-m4 -std=gnu11 -g3 -DDEBUG -DUSE_HAL_DRIVER -DSTM32L432xx -c -I../Core/Inc -I../Drivers/STM32L4xx_HAL_Driver/Inc -I../Drivers/STM32L4xx_HAL_Driver/Inc/Legacy -I../Drivers/CMSIS/Device/ST/STM32L4xx/Include -I../Drivers/CMSIS/Include -O0 -ffunction-sections -fdata-sections -Wall -fstack-usage -fcyclomatic-complexity -MMD -MP -MF"Drivers/STM32L4xx_HAL_Driver/Src/stm32l4xx_hal_dma.d" -MT"Drivers/STM32L4xx_HAL_Driver/Src/stm32l4xx_hal_dma.o" --specs=nano.specs -mfpu=fpv4-sp-d16 -mfloat-abi=hard -mthumb -o "Drivers/STM32L4xx_HAL_Driver/Src/stm32l4xx_hal_dma.o"
arm-none-eabi-gcc "../Drivers/STM32L4xx_HAL_Driver/Src/stm32l4xx_hal_dma_ex.c" -mcpu=cortex-m4 -std=gnu11 -g3 -DDEBUG -DUSE_HAL_DRIVER -DSTM32L432xx -c -I../Core/Inc -I../Drivers/STM32L4xx_HAL_Driver/Inc -I../Drivers/STM32L4xx_HAL_Driver/Inc/Legacy -I../Drivers/CMSIS/Device/ST/STM32L4xx/Include -I../Drivers/CMSIS/Include -O0 -ffunction-sections -fdata-sections -Wall -fstack-usage -fcyclomatic-complexity -MMD -MP -MF"Drivers/STM32L4xx_HAL_Driver/Src/stm32l4xx_hal_dma_ex.d" -MT"Drivers/STM32L4xx_HAL_Driver/Src/stm32l4xx_hal_dma_ex.o" --specs=nano.specs -mfpu=fpv4-sp-d16 -mfloat-abi=hard -mthumb -o "Drivers/STM32L4xx_HAL_Driver/Src/stm32l4xx_hal_dma_ex.o"
arm-none-eabi-gcc "../Drivers/STM32L4xx_HAL_Driver/Src/stm32l4xx_hal_exti.c" -mcpu=cortex-m4 -std=gnu11 -g3 -DDEBUG -DUSE_HAL_DRIVER -DSTM32L432xx -c -I../Core/Inc -I../Drivers/STM32L4xx_HAL_Driver/Inc -I../Drivers/STM32L4xx_HAL_Driver/Inc/Legacy -I../Drivers/CMSIS/Device/ST/STM32L4xx/Include -I../Drivers/CMSIS/Include -O0 -ffunction-sections -fdata-sections -Wall -fstack-usage -fcyclomatic-complexity -MMD -MP -MF"Drivers/STM32L4xx_HAL_Driver/Src/stm32l4xx_hal_exti.d" -MT"Drivers/STM32L4xx_HAL_Driver/Src/stm32l4xx_hal_exti.o" --specs=nano.specs -mfpu=fpv4-sp-d16 -mfloat-abi=hard -mthumb -o "Drivers/STM32L4xx_HAL_Driver/Src/stm32l4xx_hal_exti.o"
arm-none-eabi-gcc "../Drivers/STM32L4xx_HAL_Driver/Src/stm32l4xx_hal_flash.c" -mcpu=cortex-m4 -std=gnu11 -g3 -DDEBUG -DUSE_HAL_DRIVER -DSTM32L432xx -c -I../Core/Inc -I../Drivers/STM32L4xx_HAL_Driver/Inc -I../Drivers/STM32L4xx_HAL_Driver/Inc/Legacy -I../Drivers/CMSIS/Device/ST/STM32L4xx/Include -I../Drivers/CMSIS/Include -O0 -ffunction-sections -fdata-sections -Wall -fstack-usage -fcyclomatic-complexity -MMD -MP -MF"Drivers/STM32L4xx_HAL_Driver/Src/stm32l4xx_hal_flash.d" -MT"Drivers/STM32L4xx_HAL_Driver/Src/stm32l4xx_hal_flash.o" --specs=nano.specs -mfpu=fpv4-sp-d16 -mfloat-abi=hard -mthumb -o "Drivers/STM32L4xx_HAL_Driver/Src/stm32l4xx_hal_flash.o"
arm-none-eabi-gcc "../Drivers/STM32L4xx_HAL_Driver/Src/stm32l4xx_hal_flash_ex.c" -mcpu=cortex-m4 -std=gnu11 -g3 -DDEBUG -DUSE_HAL_DRIVER -DSTM32L432xx -c -I../Core/Inc -I../Drivers/STM32L4xx_HAL_Driver/Inc -I../Drivers/STM32L4xx_HAL_Driver/Inc/Legacy -I../Drivers/CMSIS/Device/ST/STM32L4xx/Include -I../Drivers/CMSIS/Include -O0 -ffunction-sections -fdata-sections -Wall -fstack-usage -fcyclomatic-complexity -MMD -MP -MF"Drivers/STM32L4xx_HAL_Driver/Src/stm32l4xx_hal_flash_ex.d" -MT"Drivers/STM32L4xx_HAL_Driver/Src/stm32l4xx_hal_flash_ex.o" --specs=nano.specs -mfpu=fpv4-sp-d16 -mfloat-abi=hard -mthumb -o "Drivers/STM32L4xx_HAL_Driver/Src/stm32l4xx_hal_flash_ex.o"
arm-none-eabi-gcc "../Drivers/STM32L4xx_HAL_Driver/Src/stm32l4xx_hal_flash_ramfunc.c" -mcpu=cortex-m4 -std=gnu11 -g3 -DDEBUG -DUSE_HAL_DRIVER -DSTM32L432xx -c -I../Core/Inc -I../Drivers/STM32L4xx_HAL_Driver/Inc -I../Drivers/STM32L4xx_HAL_Driver/Inc/Legacy -I../Drivers/CMSIS/Device/ST/STM32L4xx/Include -I../Drivers/CMSIS/Include -O0 -ffunction-sections -fdata-sections -Wall -fstack-usage -fcyclomatic-complexity -MMD -MP -MF"Drivers/STM32L4xx_HAL_Driver/Src/stm32l4xx_hal_flash_ramfunc.d" -MT"Drivers/STM32L4xx_HAL_Driver/Src/stm32l4xx_hal_flash_ramfunc.o" --specs=nano.specs -mfpu=fpv4-sp-d16 -mfloat-abi=hard -mthumb -o "Drivers/STM32L4xx_HAL_Driver/Src/stm32l4xx_hal_flash_ramfunc.o"
arm-none-eabi-gcc "../Drivers/STM32L4xx_HAL_Driver/Src/stm32l4xx_hal_gpio.c" -mcpu=cortex-m4 -std=gnu11 -g3 -DDEBUG -DUSE_HAL_DRIVER -DSTM32L432xx -c -I../Core/Inc -I../Drivers/STM32L4xx_HAL_Driver/Inc -I../Drivers/STM32L4xx_HAL_Driver/Inc/Legacy -I../Drivers/CMSIS/Device/ST/STM32L4xx/Include -I../Drivers/CMSIS/Include -O0 -ffunction-sections -fdata-sections -Wall -fstack-usage -fcyclomatic-complexity -MMD -MP -MF"Drivers/STM32L4xx_HAL_Driver/Src/stm32l4xx_hal_gpio.d" -MT"Drivers/STM32L4xx_HAL_Driver/Src/stm32l4xx_hal_gpio.o" --specs=nano.specs -mfpu=fpv4-sp-d16 -mfloat-abi=hard -mthumb -o "Drivers/STM32L4xx_HAL_Driver/Src/stm32l4xx_hal_gpio.o"
arm-none-eabi-gcc "../Drivers/STM32L4xx_HAL_Driver/Src/stm32l4xx_hal_i2c.c" -mcpu=cortex-m4 -std=gnu11 -g3 -DDEBUG -DUSE_HAL_DRIVER -DSTM32L432xx -c -I../Core/Inc -I../Drivers/STM32L4xx_HAL_Driver/Inc -I../Drivers/STM32L4xx_HAL_Driver/Inc/Legacy -I../Drivers/CMSIS/Device/ST/STM32L4xx/Include -I../Drivers/CMSIS/Include -O0 -ffunction-sections -fdata-sections -Wall -fstack-usage -fcyclomatic-complexity -MMD -MP -MF"Drivers/STM32L4xx_HAL_Driver/Src/stm32l4xx_hal_i2c.d" -MT"Drivers/STM32L4xx_HAL_Driver/Src/stm32l4xx_hal_i2c.o" --specs=nano.specs -mfpu=fpv4-sp-d16 -mfloat-abi=hard -mthumb -o "Drivers/STM32L4xx_HAL_Driver/Src/stm32l4xx_hal_i2c.o"
arm-none-eabi-gcc "../Drivers/STM32L4xx_HAL_Driver/Src/stm32l4xx_hal_i2c_ex.c" -mcpu=cortex-m4 -std=gnu11 -g3 -DDEBUG -DUSE_HAL_DRIVER -DSTM32L432xx -c -I../Core/Inc -I../Drivers/STM32L4xx_HAL_Driver/Inc -I../Drivers/STM32L4xx_HAL_Driver/Inc/Legacy -I../Drivers/CMSIS/Device/ST/STM32L4xx/Include -I../Drivers/CMSIS/Include -O0 -ffunction-sections -fdata-sections -Wall -fstack-usage -fcyclomatic-complexity -MMD -MP -MF"Drivers/STM32L4xx_HAL_Driver/Src/stm32l4xx_hal_i2c_ex.d" -MT"Drivers/STM32L4xx_HAL_Driver/Src/stm32l4xx_hal_i2c_ex.o" --specs=nano.specs -mfpu=fpv4-sp-d16 -mfloat-abi=hard -mthumb -o "Drivers/STM32L4xx_HAL_Driver/Src/stm32l4xx_hal_i2c_ex.o"
arm-none-eabi-gcc "../Drivers/STM32L4xx_HAL_Driver/Src/stm32l4xx_hal_pwr.c" -mcpu=cortex-m4 -std=gnu11 -g3 -DDEBUG -DUSE_HAL_DRIVER -DSTM32L432xx -c -I../Core/Inc -I../Drivers/STM32L4xx_HAL_Driver/Inc -I../Drivers/STM32L4xx_HAL_Driver/Inc/Legacy -I../Drivers/CMSIS/Device/ST/STM32L4xx/Include -I../Drivers/CMSIS/Include -O0 -ffunction-sections -fdata-sections -Wall -fstack-usage -fcyclomatic-complexity -MMD -MP -MF"Drivers/STM32L4xx_HAL_Driver/Src/stm32l4xx_hal_pwr.d" -MT"Drivers/STM32L4xx_HAL_Driver/Src/stm32l4xx_hal_pwr.o" --specs=nano.specs -mfpu=fpv4-sp-d16 -mfloat-abi=hard -mthumb -o "Drivers/STM32L4xx_HAL_Driver/Src/stm32l4xx_hal_pwr.o"
arm-none-eabi-gcc "../Drivers/STM32L4xx_HAL_Driver/Src/stm32l4xx_hal_pwr_ex.c" -mcpu=cortex-m4 -std=gnu11 -g3 -DDEBUG -DUSE_HAL_DRIVER -DSTM32L432xx -c -I../Core/Inc -I../Drivers/STM32L4xx_HAL_Driver/Inc -I../Drivers/STM32L4xx_HAL_Driver/Inc/Legacy -I../Drivers/CMSIS/Device/ST/STM32L4xx/Include -I../Drivers/CMSIS/Include -O0 -ffunction-sections -fdata-sections -Wall -fstack-usage -fcyclomatic-complexity -MMD -MP -MF"Drivers/STM32L4xx_HAL_Driver/Src/stm32l4xx_hal_pwr_ex.d" -MT"Drivers/STM32L4xx_HAL_Driver/Src/stm32l4xx_hal_pwr_ex.o" --specs=nano.specs -mfpu=fpv4-sp-d16 -mfloat-abi=hard -mthumb -o "Drivers/STM32L4xx_HAL_Driver/Src/stm32l4xx_hal_pwr_ex.o"
arm-none-eabi-gcc "../Drivers/STM32L4xx_HAL_Driver/Src/stm32l4xx_hal_rcc.c" -mcpu=cortex-m4 -std=gnu11 -g3 -DDEBUG -DUSE_HAL_DRIVER -DSTM32L432xx -c -I../Core/Inc -I../Drivers/STM32L4xx_HAL_Driver/Inc -I../Drivers/STM32L4xx_HAL_Driver/Inc/Legacy -I../Drivers/CMSIS/Device/ST/STM32L4xx/Include -I../Drivers/CMSIS/Include -O0 -ffunction-sections -fdata-sections -Wall -fstack-usage -fcyclomatic-complexity -MMD -MP -MF"Drivers/STM32L4xx_HAL_Driver/Src/stm32l4xx_hal_rcc.d" -MT"Drivers/STM32L4xx_HAL_Driver/Src/stm32l4xx_hal_rcc.o" --specs=nano.specs -mfpu=fpv4-sp-d16 -mfloat-abi=hard -mthumb -o "Drivers/STM32L4xx_HAL_Driver/Src/stm32l4xx_hal_rcc.o"
arm-none-eabi-gcc "../Drivers/STM32L4xx_HAL_Driver/Src/stm32l4xx_hal_rcc_ex.c" -mcpu=cortex-m4 -std=gnu11 -g3 -DDEBUG -DUSE_HAL_DRIVER -DSTM32L432xx -c -I../Core/Inc -I../Drivers/STM32L4xx_HAL_Driver/Inc -I../Drivers/STM32L4xx_HAL_Driver/Inc/Legacy -I../Drivers/CMSIS/Device/ST/STM32L4xx/Include -I../Drivers/CMSIS/Include -O0 -ffunction-sections -fdata-sections -Wall -fstack-usage -fcyclomatic-complexity -MMD -MP -MF"Drivers/STM32L4xx_HAL_Driver/Src/stm32l4xx_hal_rcc_ex.d" -MT"Drivers/STM32L4xx_HAL_Driver/Src/stm32l4xx_hal_rcc_ex.o" --specs=nano.specs -mfpu=fpv4-sp-d16 -mfloat-abi=hard -mthumb -o "Drivers/STM32L4xx_HAL_Driver/Src/stm32l4xx_hal_rcc_ex.o"
arm-none-eabi-gcc "../Drivers/STM32L4xx_HAL_Driver/Src/stm32l4xx_hal_spi.c" -mcpu=cortex-m4 -std=gnu11 -g3 -DDEBUG -DUSE_HAL_DRIVER -DSTM32L432xx -c -I../Core/Inc -I../Drivers/STM32L4xx_HAL_Driver/Inc -I../Drivers/STM32L4xx_HAL_Driver/Inc/Legacy -I../Drivers/CMSIS/Device/ST/STM32L4xx/Include -I../Drivers/CMSIS/Include -O0 -ffunction-sections -fdata-sections -Wall -fstack-usage -fcyclomatic-complexity -MMD -MP -MF"Drivers/STM32L4xx_HAL_Driver/Src/stm32l4xx_hal_spi.d" -MT"Drivers/STM32L4xx_HAL_Driver/Src/stm32l4xx_hal_spi.o" --specs=nano.specs -mfpu=fpv4-sp-d16 -mfloat-abi=hard -mthumb -o "Drivers/STM32L4xx_HAL_Driver/Src/stm32l4xx_hal_spi.o"
arm-none-eabi-gcc "../Drivers/STM32L4xx_HAL_Driver/Src/stm32l4xx_hal_spi_ex.c" -mcpu=cortex-m4 -std=gnu11 -g3 -DDEBUG -DUSE_HAL_DRIVER -DSTM32L432xx -c -I../Core/Inc -I../Drivers/STM32L4xx_HAL_Driver/Inc -I../Drivers/STM32L4xx_HAL_Driver/Inc/Legacy -I../Drivers/CMSIS/Device/ST/STM32L4xx/Include -I../Drivers/CMSIS/Include -O0 -ffunction-sections -fdata-sections -Wall -fstack-usage -fcyclomatic-complexity -MMD -MP -MF"Drivers/STM32L4xx_HAL_Driver/Src/stm32l4xx_hal_spi_ex.d" -MT"Drivers/STM32L4xx_HAL_Driver/Src/stm32l4xx_hal_spi_ex.o" --specs=nano.specs -mfpu=fpv4-sp-d16 -mfloat-abi=hard -mthumb -o "Drivers/STM32L4xx_HAL_Driver/Src/stm32l4xx_hal_spi_ex.o"
arm-none-eabi-gcc "../Drivers/STM32L4xx_HAL_Driver/Src/stm32l4xx_hal_tim.c" -mcpu=cortex-m4 -std=gnu11 -g3 -DDEBUG -DUSE_HAL_DRIVER -DSTM32L432xx -c -I../Core/Inc -I../Drivers/STM32L4xx_HAL_Driver/Inc -I../Drivers/STM32L4xx_HAL_Driver/Inc/Legacy -I../Drivers/CMSIS/Device/ST/STM32L4xx/Include -I../Drivers/CMSIS/Include -O0 -ffunction-sections -fdata-sections -Wall -fstack-usage -fcyclomatic-complexity -MMD -MP -MF"Drivers/STM32L4xx_HAL_Driver/Src/stm32l4xx_hal_tim.d" -MT"Drivers/STM32L4xx_HAL_Driver/Src/stm32l4xx_hal_tim.o" --specs=nano.specs -mfpu=fpv4-sp-d16 -mfloat-abi=hard -mthumb -o "Drivers/STM32L4xx_HAL_Driver/Src/stm32l4xx_hal_tim.o"
arm-none-eabi-gcc "../Drivers/STM32L4xx_HAL_Driver/Src/stm32l4xx_hal_tim_ex.c" -mcpu=cortex-m4 -std=gnu11 -g3 -DDEBUG -DUSE_HAL_DRIVER -DSTM32L432xx -c -I../Core/Inc -I../Drivers/STM32L4xx_HAL_Driver/Inc -I../Drivers/STM32L4xx_HAL_Driver/Inc/Legacy -I../Drivers/CMSIS/Device/ST/STM32L4xx/Include -I../Drivers/CMSIS/Include -O0 -ffunction-sections -fdata-sections -Wall -fstack-usage -fcyclomatic-complexity -MMD -MP -MF"Drivers/STM32L4xx_HAL_Driver/Src/stm32l4xx_hal_tim_ex.d" -MT"Drivers/STM32L4xx_HAL_Driver/Src/stm32l4xx_hal_tim_ex.o" --specs=nano.specs -mfpu=fpv4-sp-d16 -mfloat-abi=hard -mthumb -o "Drivers/STM32L4xx_HAL_Driver/Src/stm32l4xx_hal_tim_ex.o"
arm-none-eabi-gcc "../Drivers/STM32L4xx_HAL_Driver/Src/stm32l4xx_hal_uart.c" -mcpu=cortex-m4 -std=gnu11 -g3 -DDEBUG -DUSE_HAL_DRIVER -DSTM32L432xx -c -I../Core/Inc -I../Drivers/STM32L4xx_HAL_Driver/Inc -I../Drivers/STM32L4xx_HAL_Driver/Inc/Legacy -I../Drivers/CMSIS/Device/ST/STM32L4xx/Include -I../Drivers/CMSIS/Include -O0 -ffunction-sections -fdata-sections -Wall -fstack-usage -fcyclomatic-complexity -MMD -MP -MF"Drivers/STM32L4xx_HAL_Driver/Src/stm32l4xx_hal_uart.d" -MT"Drivers/STM32L4xx_HAL_Driver/Src/stm32l4xx_hal_uart.o" --specs=nano.specs -mfpu=fpv4-sp-d16 -mfloat-abi=hard -mthumb -o "Drivers/STM32L4xx_HAL_Driver/Src/stm32l4xx_hal_uart.o"
arm-none-eabi-gcc "../Drivers/STM32L4xx_HAL_Driver/Src/stm32l4xx_hal_uart_ex.c" -mcpu=cortex-m4 -std=gnu11 -g3 -DDEBUG -DUSE_HAL_DRIVER -DSTM32L432xx -c -I../Core/Inc -I../Drivers/STM32L4xx_HAL_Driver/Inc -I../Drivers/STM32L4xx_HAL_Driver/Inc/Legacy -I../Drivers/CMSIS/Device/ST/STM32L4xx/Include -I../Drivers/CMSIS/Include -O0 -ffunction-sections -fdata-sections -Wall -fstack-usage -fcyclomatic-complexity -MMD -MP -MF"Drivers/STM32L4xx_HAL_Driver/Src/stm32l4xx_hal_uart_ex.d" -MT"Drivers/STM32L4xx_HAL_Driver/Src/stm32l4xx_hal_uart_ex.o" --specs=nano.specs -mfpu=fpv4-sp-d16 -mfloat-abi=hard -mthumb -o "Drivers/STM32L4xx_HAL_Driver/Src/stm32l4xx_hal_uart_ex.o"
arm-none-eabi-gcc "../Core/Src/main.c" -mcpu=cortex-m4 -std=gnu11 -g3 -DDEBUG -DUSE_HAL_DRIVER -DSTM32L432xx -c -I../Core/Inc -I../Drivers/STM32L4xx_HAL_Driver/Inc -I../Drivers/STM32L4xx_HAL_Driver/Inc/Legacy -I../Drivers/CMSIS/Device/ST/STM32L4xx/Include -I../Drivers/CMSIS/Include -O0 -ffunction-sections -fdata-sections -Wall -fstack-usage -fcyclomatic-complexity -MMD -MP -MF"Core/Src/main.d" -MT"Core/Src/main.o" --specs=nano.specs -mfpu=fpv4-sp-d16 -mfloat-abi=hard -mthumb -o "Core/Src/main.o"
../Core/Src/main.c: In function 'generate_linear':
../Core/Src/main.c:142:9: warning: implicit declaration of function 'AD5761_Write' [-Wimplicit-function-declaration]
  142 |         AD5761_Write((uint8_t)DAC_update_address, dac_value);
      |         ^~~~~~~~~~~~
../Core/Src/main.c: At top level:
../Core/Src/main.c:185:6: warning: conflicting types for 'AD5761_Write'; have 'void(uint8_t,  uint16_t)' {aka 'void(unsigned char,  short unsigned int)'}
  185 | void AD5761_Write(uint8_t reg, uint16_t value) {
      |      ^~~~~~~~~~~~
../Core/Src/main.c:142:9: note: previous implicit declaration of 'AD5761_Write' with type 'void(uint8_t,  uint16_t)' {aka 'void(unsigned char,  short unsigned int)'}
  142 |         AD5761_Write((uint8_t)DAC_update_address, dac_value);
      |         ^~~~~~~~~~~~
../Core/Src/main.c: In function 'main':
../Core/Src/main.c:261:33: warning: pointer targets in passing argument 2 of 'HAL_UART_Receive_DMA' differ in signedness [-Wpointer-sign]
  261 |   HAL_UART_Receive_DMA(&huart2, rx_buf,5);
      |                                 ^~~~~~
      |                                 |
      |                                 char *
In file included from ../Core/Inc/stm32l4xx_hal_conf.h:450,
                 from ../Drivers/STM32L4xx_HAL_Driver/Inc/stm32l4xx_hal.h:29,
                 from ../Core/Inc/main.h:30,
                 from ../Core/Src/main.c:20:
../Drivers/STM32L4xx_HAL_Driver/Inc/stm32l4xx_hal_uart.h:1702:76: note: expected 'uint8_t *' {aka 'unsigned char *'} but argument is of type 'char *'
 1702 | HAL_StatusTypeDef HAL_UART_Receive_DMA(UART_HandleTypeDef *huart, uint8_t *pData, uint16_t Size);
      |                                                                   ~~~~~~~~~^~~~~
arm-none-eabi-gcc "../Core/Src/stm32l4xx_hal_msp.c" -mcpu=cortex-m4 -std=gnu11 -g3 -DDEBUG -DUSE_HAL_DRIVER -DSTM32L432xx -c -I../Core/Inc -I../Drivers/STM32L4xx_HAL_Driver/Inc -I../Drivers/STM32L4xx_HAL_Driver/Inc/Legacy -I../Drivers/CMSIS/Device/ST/STM32L4xx/Include -I../Drivers/CMSIS/Include -O0 -ffunction-sections -fdata-sections -Wall -fstack-usage -fcyclomatic-complexity -MMD -MP -MF"Core/Src/stm32l4xx_hal_msp.d" -MT"Core/Src/stm32l4xx_hal_msp.o" --specs=nano.specs -mfpu=fpv4-sp-d16 -mfloat-abi=hard -mthumb -o "Core/Src/stm32l4xx_hal_msp.o"
arm-none-eabi-gcc "../Core/Src/stm32l4xx_it.c" -mcpu=cortex-m4 -std=gnu11 -g3 -DDEBUG -DUSE_HAL_DRIVER -DSTM32L432xx -c -I../Core/Inc -I../Drivers/STM32L4xx_HAL_Driver/Inc -I../Drivers/STM32L4xx_HAL_Driver/Inc/Legacy -I../Drivers/CMSIS/Device/ST/STM32L4xx/Include -I../Drivers/CMSIS/Include -O0 -ffunction-sections -fdata-sections -Wall -fstack-usage -fcyclomatic-complexity -MMD -MP -MF"Core/Src/stm32l4xx_it.d" -MT"Core/Src/stm32l4xx_it.o" --specs=nano.specs -mfpu=fpv4-sp-d16 -mfloat-abi=hard -mthumb -o "Core/Src/stm32l4xx_it.o"
arm-none-eabi-gcc "../Core/Src/system_stm32l4xx.c" -mcpu=cortex-m4 -std=gnu11 -g3 -DDEBUG -DUSE_HAL_DRIVER -DSTM32L432xx -c -I../Core/Inc -I../Drivers/STM32L4xx_HAL_Driver/Inc -I../Drivers/STM32L4xx_HAL_Driver/Inc/Legacy -I../Drivers/CMSIS/Device/ST/STM32L4xx/Include -I../Drivers/CMSIS/Include -O0 -ffunction-sections -fdata-sections -Wall -fstack-usage -fcyclomatic-complexity -MMD -MP -MF"Core/Src/system_stm32l4xx.d" -MT"Core/Src/system_stm32l4xx.o" --specs=nano.specs -mfpu=fpv4-sp-d16 -mfloat-abi=hard -mthumb -o "Core/Src/system_stm32l4xx.o"
arm-none-eabi-gcc -o "Project1.elf" @"objects.list"   -mcpu=cortex-m4 -T"C:\Users\Justin HUa\STM32CubeIDE\workspace_1.15.1\Project1\STM32L432KCUX_FLASH.ld" --specs=nosys.specs -Wl,-Map="Project1.map" -Wl,--gc-sections -static -u _printf_float --specs=nano.specs -mfpu=fpv4-sp-d16 -mfloat-abi=hard -mthumb -Wl,--start-group -lc -lm -Wl,--end-group
Finished building target: Project1.elf
 
arm-none-eabi-size  Project1.elf 
arm-none-eabi-objdump -h -S Project1.elf  > "Project1.list"
   text	   data	    bss	    dec	    hex	filename
  50928	    484	  62532	 113944	  1bd18	Project1.elf
Finished building: default.size.stdout
 
Finished building: Project1.list
 
00:14:20 **** Incremental Build of configuration Debug for project Project1 ****
make -j24 all 
arm-none-eabi-size  Project1.elf 
   text	   data	    bss	    dec	    hex	filename
  50928	    484	  62532	 113944	  1bd18	Project1.elf
Finished building: default.size.stdout
 
00:14:25 **** Incremental Build of configuration Debug for project Project1 ****
make -j24 all 
arm-none-eabi-size  Project1.elf 
   text	   data	    bss	    dec	    hex	filename
  50928	    484	  62532	 113944	  1bd18	Project1.elf
Finished building: default.size.stdout
 
00:15:16 **** Incremental Build of configuration Debug for project Project1 ****
make -j24 all 
arm-none-eabi-gcc "../Core/Src/main.c" -mcpu=cortex-m4 -std=gnu11 -g3 -DDEBUG -DUSE_HAL_DRIVER -DSTM32L432xx -c -I../Core/Inc -I../Drivers/STM32L4xx_HAL_Driver/Inc -I../Drivers/STM32L4xx_HAL_Driver/Inc/Legacy -I../Drivers/CMSIS/Device/ST/STM32L4xx/Include -I../Drivers/CMSIS/Include -O0 -ffunction-sections -fdata-sections -Wall -fstack-usage -fcyclomatic-complexity -MMD -MP -MF"Core/Src/main.d" -MT"Core/Src/main.o" --specs=nano.specs -mfpu=fpv4-sp-d16 -mfloat-abi=hard -mthumb -o "Core/Src/main.o"
../Core/Src/main.c: In function 'generate_linear':
../Core/Src/main.c:142:9: warning: implicit declaration of function 'AD5761_Write' [-Wimplicit-function-declaration]
  142 |         AD5761_Write((uint8_t)DAC_update_address, dac_value);
      |         ^~~~~~~~~~~~
../Core/Src/main.c: At top level:
../Core/Src/main.c:185:6: warning: conflicting types for 'AD5761_Write'; have 'void(uint8_t,  uint16_t)' {aka 'void(unsigned char,  short unsigned int)'}
  185 | void AD5761_Write(uint8_t reg, uint16_t value) {
      |      ^~~~~~~~~~~~
../Core/Src/main.c:142:9: note: previous implicit declaration of 'AD5761_Write' with type 'void(uint8_t,  uint16_t)' {aka 'void(unsigned char,  short unsigned int)'}
  142 |         AD5761_Write((uint8_t)DAC_update_address, dac_value);
      |         ^~~~~~~~~~~~
../Core/Src/main.c: In function 'main':
../Core/Src/main.c:261:33: warning: pointer targets in passing argument 2 of 'HAL_UART_Receive_DMA' differ in signedness [-Wpointer-sign]
  261 |   HAL_UART_Receive_DMA(&huart2, rx_buf,5);
      |                                 ^~~~~~
      |                                 |
      |                                 char *
In file included from ../Core/Inc/stm32l4xx_hal_conf.h:450,
                 from ../Drivers/STM32L4xx_HAL_Driver/Inc/stm32l4xx_hal.h:29,
                 from ../Core/Inc/main.h:30,
                 from ../Core/Src/main.c:20:
../Drivers/STM32L4xx_HAL_Driver/Inc/stm32l4xx_hal_uart.h:1702:76: note: expected 'uint8_t *' {aka 'unsigned char *'} but argument is of type 'char *'
 1702 | HAL_StatusTypeDef HAL_UART_Receive_DMA(UART_HandleTypeDef *huart, uint8_t *pData, uint16_t Size);
      |                                                                   ~~~~~~~~~^~~~~
arm-none-eabi-gcc -o "Project1.elf" @"objects.list"   -mcpu=cortex-m4 -T"C:\Users\Justin HUa\STM32CubeIDE\workspace_1.15.1\Project1\STM32L432KCUX_FLASH.ld" --specs=nosys.specs -Wl,-Map="Project1.map" -Wl,--gc-sections -static -u _printf_float --specs=nano.specs -mfpu=fpv4-sp-d16 -mfloat-abi=hard -mthumb -Wl,--start-group -lc -lm -Wl,--end-group
Finished building target: Project1.elf
 
arm-none-eabi-size  Project1.elf 
arm-none-eabi-objdump -h -S Project1.elf  > "Project1.list"
   text	   data	    bss	    dec	    hex	filename
  50464	    484	  62532	 113480	  1bb48	Project1.elf
Finished building: default.size.stdout
 
Finished building: Project1.list
 
00:15:18 **** Incremental Build of configuration Debug for project Project1 ****
make -j24 all 
arm-none-eabi-size  Project1.elf 
   text	   data	    bss	    dec	    hex	filename
  50464	    484	  62532	 113480	  1bb48	Project1.elf
Finished building: default.size.stdout
 
00:18:09 **** Incremental Build of configuration Debug for project Project1 ****
make -j24 all 
arm-none-eabi-size  Project1.elf 
   text	   data	    bss	    dec	    hex	filename
  50464	    484	  62532	 113480	  1bb48	Project1.elf
Finished building: default.size.stdout
 
00:22:16 **** Incremental Build of configuration Debug for project Project1 ****
make -j24 all 
arm-none-eabi-size  Project1.elf 
   text	   data	    bss	    dec	    hex	filename
  50464	    484	  62532	 113480	  1bb48	Project1.elf
Finished building: default.size.stdout
 
00:22:18 **** Incremental Build of configuration Debug for project Project1 ****
make -j24 all 
arm-none-eabi-size  Project1.elf 
   text	   data	    bss	    dec	    hex	filename
  50464	    484	  62532	 113480	  1bb48	Project1.elf
Finished building: default.size.stdout
 
00:23:28 **** Incremental Build of configuration Debug for project Project1 ****
make -j24 all 
arm-none-eabi-gcc "../Core/Src/main.c" -mcpu=cortex-m4 -std=gnu11 -g3 -DDEBUG -DUSE_HAL_DRIVER -DSTM32L432xx -c -I../Core/Inc -I../Drivers/STM32L4xx_HAL_Driver/Inc -I../Drivers/STM32L4xx_HAL_Driver/Inc/Legacy -I../Drivers/CMSIS/Device/ST/STM32L4xx/Include -I../Drivers/CMSIS/Include -O0 -ffunction-sections -fdata-sections -Wall -fstack-usage -fcyclomatic-complexity -MMD -MP -MF"Core/Src/main.d" -MT"Core/Src/main.o" --specs=nano.specs -mfpu=fpv4-sp-d16 -mfloat-abi=hard -mthumb -o "Core/Src/main.o"
../Core/Src/main.c: In function 'generate_linear':
../Core/Src/main.c:142:9: warning: implicit declaration of function 'AD5761_Write' [-Wimplicit-function-declaration]
  142 |         AD5761_Write((uint8_t)DAC_update_address, dac_value);
      |         ^~~~~~~~~~~~
../Core/Src/main.c: At top level:
../Core/Src/main.c:185:6: warning: conflicting types for 'AD5761_Write'; have 'void(uint8_t,  uint16_t)' {aka 'void(unsigned char,  short unsigned int)'}
  185 | void AD5761_Write(uint8_t reg, uint16_t value) {
      |      ^~~~~~~~~~~~
../Core/Src/main.c:142:9: note: previous implicit declaration of 'AD5761_Write' with type 'void(uint8_t,  uint16_t)' {aka 'void(unsigned char,  short unsigned int)'}
  142 |         AD5761_Write((uint8_t)DAC_update_address, dac_value);
      |         ^~~~~~~~~~~~
../Core/Src/main.c: In function 'main':
../Core/Src/main.c:261:33: warning: pointer targets in passing argument 2 of 'HAL_UART_Receive_DMA' differ in signedness [-Wpointer-sign]
  261 |   HAL_UART_Receive_DMA(&huart2, rx_buf,5);
      |                                 ^~~~~~
      |                                 |
      |                                 char *
In file included from ../Core/Inc/stm32l4xx_hal_conf.h:450,
                 from ../Drivers/STM32L4xx_HAL_Driver/Inc/stm32l4xx_hal.h:29,
                 from ../Core/Inc/main.h:30,
                 from ../Core/Src/main.c:20:
../Drivers/STM32L4xx_HAL_Driver/Inc/stm32l4xx_hal_uart.h:1702:76: note: expected 'uint8_t *' {aka 'unsigned char *'} but argument is of type 'char *'
 1702 | HAL_StatusTypeDef HAL_UART_Receive_DMA(UART_HandleTypeDef *huart, uint8_t *pData, uint16_t Size);
      |                                                                   ~~~~~~~~~^~~~~
arm-none-eabi-gcc -o "Project1.elf" @"objects.list"   -mcpu=cortex-m4 -T"C:\Users\Justin HUa\STM32CubeIDE\workspace_1.15.1\Project1\STM32L432KCUX_FLASH.ld" --specs=nosys.specs -Wl,-Map="Project1.map" -Wl,--gc-sections -static -u _printf_float --specs=nano.specs -mfpu=fpv4-sp-d16 -mfloat-abi=hard -mthumb -Wl,--start-group -lc -lm -Wl,--end-group
Finished building target: Project1.elf
 
arm-none-eabi-size  Project1.elf 
arm-none-eabi-objdump -h -S Project1.elf  > "Project1.list"
   text	   data	    bss	    dec	    hex	filename
  50464	    484	  62532	 113480	  1bb48	Project1.elf
Finished building: default.size.stdout
 
Finished building: Project1.list
 
00:23:33 **** Incremental Build of configuration Debug for project Project1 ****
make -j24 all 
arm-none-eabi-size  Project1.elf 
   text	   data	    bss	    dec	    hex	filename
  50464	    484	  62532	 113480	  1bb48	Project1.elf
Finished building: default.size.stdout
 
00:24:39 **** Incremental Build of configuration Debug for project Project1 ****
make -j24 all 
arm-none-eabi-gcc "../Core/Src/main.c" -mcpu=cortex-m4 -std=gnu11 -g3 -DDEBUG -DUSE_HAL_DRIVER -DSTM32L432xx -c -I../Core/Inc -I../Drivers/STM32L4xx_HAL_Driver/Inc -I../Drivers/STM32L4xx_HAL_Driver/Inc/Legacy -I../Drivers/CMSIS/Device/ST/STM32L4xx/Include -I../Drivers/CMSIS/Include -O0 -ffunction-sections -fdata-sections -Wall -fstack-usage -fcyclomatic-complexity -MMD -MP -MF"Core/Src/main.d" -MT"Core/Src/main.o" --specs=nano.specs -mfpu=fpv4-sp-d16 -mfloat-abi=hard -mthumb -o "Core/Src/main.o"
../Core/Src/main.c: In function 'generate_linear':
../Core/Src/main.c:142:9: warning: implicit declaration of function 'AD5761_Write' [-Wimplicit-function-declaration]
  142 |         AD5761_Write((uint8_t)DAC_update_address, dac_value);
      |         ^~~~~~~~~~~~
../Core/Src/main.c: At top level:
../Core/Src/main.c:185:6: warning: conflicting types for 'AD5761_Write'; have 'void(uint8_t,  uint16_t)' {aka 'void(unsigned char,  short unsigned int)'}
  185 | void AD5761_Write(uint8_t reg, uint16_t value) {
      |      ^~~~~~~~~~~~
../Core/Src/main.c:142:9: note: previous implicit declaration of 'AD5761_Write' with type 'void(uint8_t,  uint16_t)' {aka 'void(unsigned char,  short unsigned int)'}
  142 |         AD5761_Write((uint8_t)DAC_update_address, dac_value);
      |         ^~~~~~~~~~~~
../Core/Src/main.c: In function 'main':
../Core/Src/main.c:261:33: warning: pointer targets in passing argument 2 of 'HAL_UART_Receive_DMA' differ in signedness [-Wpointer-sign]
  261 |   HAL_UART_Receive_DMA(&huart2, rx_buf,5);
      |                                 ^~~~~~
      |                                 |
      |                                 char *
In file included from ../Core/Inc/stm32l4xx_hal_conf.h:450,
                 from ../Drivers/STM32L4xx_HAL_Driver/Inc/stm32l4xx_hal.h:29,
                 from ../Core/Inc/main.h:30,
                 from ../Core/Src/main.c:20:
../Drivers/STM32L4xx_HAL_Driver/Inc/stm32l4xx_hal_uart.h:1702:76: note: expected 'uint8_t *' {aka 'unsigned char *'} but argument is of type 'char *'
 1702 | HAL_StatusTypeDef HAL_UART_Receive_DMA(UART_HandleTypeDef *huart, uint8_t *pData, uint16_t Size);
      |                                                                   ~~~~~~~~~^~~~~
arm-none-eabi-gcc -o "Project1.elf" @"objects.list"   -mcpu=cortex-m4 -T"C:\Users\Justin HUa\STM32CubeIDE\workspace_1.15.1\Project1\STM32L432KCUX_FLASH.ld" --specs=nosys.specs -Wl,-Map="Project1.map" -Wl,--gc-sections -static -u _printf_float --specs=nano.specs -mfpu=fpv4-sp-d16 -mfloat-abi=hard -mthumb -Wl,--start-group -lc -lm -Wl,--end-group
Finished building target: Project1.elf
 
arm-none-eabi-size  Project1.elf 
arm-none-eabi-objdump -h -S Project1.elf  > "Project1.list"
   text	   data	    bss	    dec	    hex	filename
  50464	    484	  62532	 113480	  1bb48	Project1.elf
Finished building: default.size.stdout
 
Finished building: Project1.list
 
00:24:41 **** Incremental Build of configuration Debug for project Project1 ****
make -j24 all 
arm-none-eabi-size  Project1.elf 
   text	   data	    bss	    dec	    hex	filename
  50464	    484	  62532	 113480	  1bb48	Project1.elf
Finished building: default.size.stdout
 
00:25:44 **** Incremental Build of configuration Debug for project Project1 ****
make -j24 all 
arm-none-eabi-gcc "../Core/Src/main.c" -mcpu=cortex-m4 -std=gnu11 -g3 -DDEBUG -DUSE_HAL_DRIVER -DSTM32L432xx -c -I../Core/Inc -I../Drivers/STM32L4xx_HAL_Driver/Inc -I../Drivers/STM32L4xx_HAL_Driver/Inc/Legacy -I../Drivers/CMSIS/Device/ST/STM32L4xx/Include -I../Drivers/CMSIS/Include -O0 -ffunction-sections -fdata-sections -Wall -fstack-usage -fcyclomatic-complexity -MMD -MP -MF"Core/Src/main.d" -MT"Core/Src/main.o" --specs=nano.specs -mfpu=fpv4-sp-d16 -mfloat-abi=hard -mthumb -o "Core/Src/main.o"
../Core/Src/main.c: In function 'generate_linear':
../Core/Src/main.c:142:9: warning: implicit declaration of function 'AD5761_Write' [-Wimplicit-function-declaration]
  142 |         AD5761_Write((uint8_t)DAC_update_address, dac_value);
      |         ^~~~~~~~~~~~
../Core/Src/main.c: At top level:
../Core/Src/main.c:185:6: warning: conflicting types for 'AD5761_Write'; have 'void(uint8_t,  uint16_t)' {aka 'void(unsigned char,  short unsigned int)'}
  185 | void AD5761_Write(uint8_t reg, uint16_t value) {
      |      ^~~~~~~~~~~~
../Core/Src/main.c:142:9: note: previous implicit declaration of 'AD5761_Write' with type 'void(uint8_t,  uint16_t)' {aka 'void(unsigned char,  short unsigned int)'}
  142 |         AD5761_Write((uint8_t)DAC_update_address, dac_value);
      |         ^~~~~~~~~~~~
../Core/Src/main.c: In function 'main':
../Core/Src/main.c:261:33: warning: pointer targets in passing argument 2 of 'HAL_UART_Receive_DMA' differ in signedness [-Wpointer-sign]
  261 |   HAL_UART_Receive_DMA(&huart2, rx_buf,5);
      |                                 ^~~~~~
      |                                 |
      |                                 char *
In file included from ../Core/Inc/stm32l4xx_hal_conf.h:450,
                 from ../Drivers/STM32L4xx_HAL_Driver/Inc/stm32l4xx_hal.h:29,
                 from ../Core/Inc/main.h:30,
                 from ../Core/Src/main.c:20:
../Drivers/STM32L4xx_HAL_Driver/Inc/stm32l4xx_hal_uart.h:1702:76: note: expected 'uint8_t *' {aka 'unsigned char *'} but argument is of type 'char *'
 1702 | HAL_StatusTypeDef HAL_UART_Receive_DMA(UART_HandleTypeDef *huart, uint8_t *pData, uint16_t Size);
      |                                                                   ~~~~~~~~~^~~~~
arm-none-eabi-gcc -o "Project1.elf" @"objects.list"   -mcpu=cortex-m4 -T"C:\Users\Justin HUa\STM32CubeIDE\workspace_1.15.1\Project1\STM32L432KCUX_FLASH.ld" --specs=nosys.specs -Wl,-Map="Project1.map" -Wl,--gc-sections -static -u _printf_float --specs=nano.specs -mfpu=fpv4-sp-d16 -mfloat-abi=hard -mthumb -Wl,--start-group -lc -lm -Wl,--end-group
Finished building target: Project1.elf
 
arm-none-eabi-size  Project1.elf 
arm-none-eabi-objdump -h -S Project1.elf  > "Project1.list"
   text	   data	    bss	    dec	    hex	filename
  50464	    484	  62532	 113480	  1bb48	Project1.elf
Finished building: default.size.stdout
 
Finished building: Project1.list
 
00:25:53 **** Incremental Build of configuration Debug for project Project1 ****
make -j24 all 
arm-none-eabi-size  Project1.elf 
   text	   data	    bss	    dec	    hex	filename
  50464	    484	  62532	 113480	  1bb48	Project1.elf
Finished building: default.size.stdout
 
00:26:37 **** Incremental Build of configuration Debug for project Project1 ****
make -j24 all 
arm-none-eabi-gcc "../Core/Src/main.c" -mcpu=cortex-m4 -std=gnu11 -g3 -DDEBUG -DUSE_HAL_DRIVER -DSTM32L432xx -c -I../Core/Inc -I../Drivers/STM32L4xx_HAL_Driver/Inc -I../Drivers/STM32L4xx_HAL_Driver/Inc/Legacy -I../Drivers/CMSIS/Device/ST/STM32L4xx/Include -I../Drivers/CMSIS/Include -O0 -ffunction-sections -fdata-sections -Wall -fstack-usage -fcyclomatic-complexity -MMD -MP -MF"Core/Src/main.d" -MT"Core/Src/main.o" --specs=nano.specs -mfpu=fpv4-sp-d16 -mfloat-abi=hard -mthumb -o "Core/Src/main.o"
../Core/Src/main.c: In function 'generate_linear':
../Core/Src/main.c:142:9: warning: implicit declaration of function 'AD5761_Write' [-Wimplicit-function-declaration]
  142 |         AD5761_Write((uint8_t)DAC_update_address, dac_value);
      |         ^~~~~~~~~~~~
../Core/Src/main.c: At top level:
../Core/Src/main.c:185:6: warning: conflicting types for 'AD5761_Write'; have 'void(uint8_t,  uint16_t)' {aka 'void(unsigned char,  short unsigned int)'}
  185 | void AD5761_Write(uint8_t reg, uint16_t value) {
      |      ^~~~~~~~~~~~
../Core/Src/main.c:142:9: note: previous implicit declaration of 'AD5761_Write' with type 'void(uint8_t,  uint16_t)' {aka 'void(unsigned char,  short unsigned int)'}
  142 |         AD5761_Write((uint8_t)DAC_update_address, dac_value);
      |         ^~~~~~~~~~~~
../Core/Src/main.c: In function 'main':
../Core/Src/main.c:261:33: warning: pointer targets in passing argument 2 of 'HAL_UART_Receive_DMA' differ in signedness [-Wpointer-sign]
  261 |   HAL_UART_Receive_DMA(&huart2, rx_buf,5);
      |                                 ^~~~~~
      |                                 |
      |                                 char *
In file included from ../Core/Inc/stm32l4xx_hal_conf.h:450,
                 from ../Drivers/STM32L4xx_HAL_Driver/Inc/stm32l4xx_hal.h:29,
                 from ../Core/Inc/main.h:30,
                 from ../Core/Src/main.c:20:
../Drivers/STM32L4xx_HAL_Driver/Inc/stm32l4xx_hal_uart.h:1702:76: note: expected 'uint8_t *' {aka 'unsigned char *'} but argument is of type 'char *'
 1702 | HAL_StatusTypeDef HAL_UART_Receive_DMA(UART_HandleTypeDef *huart, uint8_t *pData, uint16_t Size);
      |                                                                   ~~~~~~~~~^~~~~
arm-none-eabi-gcc -o "Project1.elf" @"objects.list"   -mcpu=cortex-m4 -T"C:\Users\Justin HUa\STM32CubeIDE\workspace_1.15.1\Project1\STM32L432KCUX_FLASH.ld" --specs=nosys.specs -Wl,-Map="Project1.map" -Wl,--gc-sections -static -u _printf_float --specs=nano.specs -mfpu=fpv4-sp-d16 -mfloat-abi=hard -mthumb -Wl,--start-group -lc -lm -Wl,--end-group
Finished building target: Project1.elf
 
arm-none-eabi-size  Project1.elf 
arm-none-eabi-objdump -h -S Project1.elf  > "Project1.list"
   text	   data	    bss	    dec	    hex	filename
  50464	    484	  62532	 113480	  1bb48	Project1.elf
Finished building: default.size.stdout
 
Finished building: Project1.list
 
00:26:39 **** Incremental Build of configuration Debug for project Project1 ****
make -j24 all 
arm-none-eabi-size  Project1.elf 
   text	   data	    bss	    dec	    hex	filename
  50464	    484	  62532	 113480	  1bb48	Project1.elf
Finished building: default.size.stdout
 
00:27:59 **** Incremental Build of configuration Debug for project Project1 ****
make -j24 all 
arm-none-eabi-gcc "../Core/Src/main.c" -mcpu=cortex-m4 -std=gnu11 -g3 -DDEBUG -DUSE_HAL_DRIVER -DSTM32L432xx -c -I../Core/Inc -I../Drivers/STM32L4xx_HAL_Driver/Inc -I../Drivers/STM32L4xx_HAL_Driver/Inc/Legacy -I../Drivers/CMSIS/Device/ST/STM32L4xx/Include -I../Drivers/CMSIS/Include -O0 -ffunction-sections -fdata-sections -Wall -fstack-usage -fcyclomatic-complexity -MMD -MP -MF"Core/Src/main.d" -MT"Core/Src/main.o" --specs=nano.specs -mfpu=fpv4-sp-d16 -mfloat-abi=hard -mthumb -o "Core/Src/main.o"
../Core/Src/main.c: In function 'generate_linear':
../Core/Src/main.c:142:9: warning: implicit declaration of function 'AD5761_Write' [-Wimplicit-function-declaration]
  142 |         AD5761_Write((uint8_t)DAC_update_address, dac_value);
      |         ^~~~~~~~~~~~
../Core/Src/main.c: At top level:
../Core/Src/main.c:185:6: warning: conflicting types for 'AD5761_Write'; have 'void(uint8_t,  uint16_t)' {aka 'void(unsigned char,  short unsigned int)'}
  185 | void AD5761_Write(uint8_t reg, uint16_t value) {
      |      ^~~~~~~~~~~~
../Core/Src/main.c:142:9: note: previous implicit declaration of 'AD5761_Write' with type 'void(uint8_t,  uint16_t)' {aka 'void(unsigned char,  short unsigned int)'}
  142 |         AD5761_Write((uint8_t)DAC_update_address, dac_value);
      |         ^~~~~~~~~~~~
../Core/Src/main.c: In function 'main':
../Core/Src/main.c:261:33: warning: pointer targets in passing argument 2 of 'HAL_UART_Receive_DMA' differ in signedness [-Wpointer-sign]
  261 |   HAL_UART_Receive_DMA(&huart2, rx_buf,5);
      |                                 ^~~~~~
      |                                 |
      |                                 char *
In file included from ../Core/Inc/stm32l4xx_hal_conf.h:450,
                 from ../Drivers/STM32L4xx_HAL_Driver/Inc/stm32l4xx_hal.h:29,
                 from ../Core/Inc/main.h:30,
                 from ../Core/Src/main.c:20:
../Drivers/STM32L4xx_HAL_Driver/Inc/stm32l4xx_hal_uart.h:1702:76: note: expected 'uint8_t *' {aka 'unsigned char *'} but argument is of type 'char *'
 1702 | HAL_StatusTypeDef HAL_UART_Receive_DMA(UART_HandleTypeDef *huart, uint8_t *pData, uint16_t Size);
      |                                                                   ~~~~~~~~~^~~~~
arm-none-eabi-gcc -o "Project1.elf" @"objects.list"   -mcpu=cortex-m4 -T"C:\Users\Justin HUa\STM32CubeIDE\workspace_1.15.1\Project1\STM32L432KCUX_FLASH.ld" --specs=nosys.specs -Wl,-Map="Project1.map" -Wl,--gc-sections -static -u _printf_float --specs=nano.specs -mfpu=fpv4-sp-d16 -mfloat-abi=hard -mthumb -Wl,--start-group -lc -lm -Wl,--end-group
Finished building target: Project1.elf
 
arm-none-eabi-size  Project1.elf 
arm-none-eabi-objdump -h -S Project1.elf  > "Project1.list"
   text	   data	    bss	    dec	    hex	filename
  50464	    484	  62532	 113480	  1bb48	Project1.elf
Finished building: default.size.stdout
 
Finished building: Project1.list
 
00:28:04 **** Incremental Build of configuration Debug for project Project1 ****
make -j24 all 
arm-none-eabi-size  Project1.elf 
   text	   data	    bss	    dec	    hex	filename
  50464	    484	  62532	 113480	  1bb48	Project1.elf
Finished building: default.size.stdout
 
00:29:15 **** Incremental Build of configuration Debug for project Project1 ****
make -j24 all 
arm-none-eabi-gcc "../Core/Src/main.c" -mcpu=cortex-m4 -std=gnu11 -g3 -DDEBUG -DUSE_HAL_DRIVER -DSTM32L432xx -c -I../Core/Inc -I../Drivers/STM32L4xx_HAL_Driver/Inc -I../Drivers/STM32L4xx_HAL_Driver/Inc/Legacy -I../Drivers/CMSIS/Device/ST/STM32L4xx/Include -I../Drivers/CMSIS/Include -O0 -ffunction-sections -fdata-sections -Wall -fstack-usage -fcyclomatic-complexity -MMD -MP -MF"Core/Src/main.d" -MT"Core/Src/main.o" --specs=nano.specs -mfpu=fpv4-sp-d16 -mfloat-abi=hard -mthumb -o "Core/Src/main.o"
../Core/Src/main.c: In function 'generate_linear':
../Core/Src/main.c:142:9: warning: implicit declaration of function 'AD5761_Write' [-Wimplicit-function-declaration]
  142 |         AD5761_Write((uint8_t)DAC_update_address, dac_value);
      |         ^~~~~~~~~~~~
../Core/Src/main.c: At top level:
../Core/Src/main.c:185:6: warning: conflicting types for 'AD5761_Write'; have 'void(uint8_t,  uint16_t)' {aka 'void(unsigned char,  short unsigned int)'}
  185 | void AD5761_Write(uint8_t reg, uint16_t value) {
      |      ^~~~~~~~~~~~
../Core/Src/main.c:142:9: note: previous implicit declaration of 'AD5761_Write' with type 'void(uint8_t,  uint16_t)' {aka 'void(unsigned char,  short unsigned int)'}
  142 |         AD5761_Write((uint8_t)DAC_update_address, dac_value);
      |         ^~~~~~~~~~~~
../Core/Src/main.c: In function 'main':
../Core/Src/main.c:261:33: warning: pointer targets in passing argument 2 of 'HAL_UART_Receive_DMA' differ in signedness [-Wpointer-sign]
  261 |   HAL_UART_Receive_DMA(&huart2, rx_buf,5);
      |                                 ^~~~~~
      |                                 |
      |                                 char *
In file included from ../Core/Inc/stm32l4xx_hal_conf.h:450,
                 from ../Drivers/STM32L4xx_HAL_Driver/Inc/stm32l4xx_hal.h:29,
                 from ../Core/Inc/main.h:30,
                 from ../Core/Src/main.c:20:
../Drivers/STM32L4xx_HAL_Driver/Inc/stm32l4xx_hal_uart.h:1702:76: note: expected 'uint8_t *' {aka 'unsigned char *'} but argument is of type 'char *'
 1702 | HAL_StatusTypeDef HAL_UART_Receive_DMA(UART_HandleTypeDef *huart, uint8_t *pData, uint16_t Size);
      |                                                                   ~~~~~~~~~^~~~~
arm-none-eabi-gcc -o "Project1.elf" @"objects.list"   -mcpu=cortex-m4 -T"C:\Users\Justin HUa\STM32CubeIDE\workspace_1.15.1\Project1\STM32L432KCUX_FLASH.ld" --specs=nosys.specs -Wl,-Map="Project1.map" -Wl,--gc-sections -static -u _printf_float --specs=nano.specs -mfpu=fpv4-sp-d16 -mfloat-abi=hard -mthumb -Wl,--start-group -lc -lm -Wl,--end-group
Finished building target: Project1.elf
 
arm-none-eabi-size  Project1.elf 
arm-none-eabi-objdump -h -S Project1.elf  > "Project1.list"
   text	   data	    bss	    dec	    hex	filename
  50464	    484	  62532	 113480	  1bb48	Project1.elf
Finished building: default.size.stdout
 
Finished building: Project1.list
 
00:29:29 **** Incremental Build of configuration Debug for project Project1 ****
make -j24 all 
arm-none-eabi-size  Project1.elf 
   text	   data	    bss	    dec	    hex	filename
  50464	    484	  62532	 113480	  1bb48	Project1.elf
Finished building: default.size.stdout
 
00:30:41 **** Incremental Build of configuration Debug for project Project1 ****
make -j24 all 
arm-none-eabi-size  Project1.elf 
   text	   data	    bss	    dec	    hex	filename
  50464	    484	  62532	 113480	  1bb48	Project1.elf
Finished building: default.size.stdout
 
00:31:33 **** Incremental Build of configuration Debug for project Project1 ****
make -j24 all 
arm-none-eabi-gcc "../Core/Src/main.c" -mcpu=cortex-m4 -std=gnu11 -g3 -DDEBUG -DUSE_HAL_DRIVER -DSTM32L432xx -c -I../Core/Inc -I../Drivers/STM32L4xx_HAL_Driver/Inc -I../Drivers/STM32L4xx_HAL_Driver/Inc/Legacy -I../Drivers/CMSIS/Device/ST/STM32L4xx/Include -I../Drivers/CMSIS/Include -O0 -ffunction-sections -fdata-sections -Wall -fstack-usage -fcyclomatic-complexity -MMD -MP -MF"Core/Src/main.d" -MT"Core/Src/main.o" --specs=nano.specs -mfpu=fpv4-sp-d16 -mfloat-abi=hard -mthumb -o "Core/Src/main.o"
../Core/Src/main.c: In function 'generate_linear':
../Core/Src/main.c:142:9: warning: implicit declaration of function 'AD5761_Write' [-Wimplicit-function-declaration]
  142 |         AD5761_Write((uint8_t)DAC_update_address, dac_value);
      |         ^~~~~~~~~~~~
../Core/Src/main.c: At top level:
../Core/Src/main.c:185:6: warning: conflicting types for 'AD5761_Write'; have 'void(uint8_t,  uint16_t)' {aka 'void(unsigned char,  short unsigned int)'}
  185 | void AD5761_Write(uint8_t reg, uint16_t value) {
      |      ^~~~~~~~~~~~
../Core/Src/main.c:142:9: note: previous implicit declaration of 'AD5761_Write' with type 'void(uint8_t,  uint16_t)' {aka 'void(unsigned char,  short unsigned int)'}
  142 |         AD5761_Write((uint8_t)DAC_update_address, dac_value);
      |         ^~~~~~~~~~~~
../Core/Src/main.c: In function 'main':
../Core/Src/main.c:261:33: warning: pointer targets in passing argument 2 of 'HAL_UART_Receive_DMA' differ in signedness [-Wpointer-sign]
  261 |   HAL_UART_Receive_DMA(&huart2, rx_buf,5);
      |                                 ^~~~~~
      |                                 |
      |                                 char *
In file included from ../Core/Inc/stm32l4xx_hal_conf.h:450,
                 from ../Drivers/STM32L4xx_HAL_Driver/Inc/stm32l4xx_hal.h:29,
                 from ../Core/Inc/main.h:30,
                 from ../Core/Src/main.c:20:
../Drivers/STM32L4xx_HAL_Driver/Inc/stm32l4xx_hal_uart.h:1702:76: note: expected 'uint8_t *' {aka 'unsigned char *'} but argument is of type 'char *'
 1702 | HAL_StatusTypeDef HAL_UART_Receive_DMA(UART_HandleTypeDef *huart, uint8_t *pData, uint16_t Size);
      |                                                                   ~~~~~~~~~^~~~~
arm-none-eabi-gcc -o "Project1.elf" @"objects.list"   -mcpu=cortex-m4 -T"C:\Users\Justin HUa\STM32CubeIDE\workspace_1.15.1\Project1\STM32L432KCUX_FLASH.ld" --specs=nosys.specs -Wl,-Map="Project1.map" -Wl,--gc-sections -static -u _printf_float --specs=nano.specs -mfpu=fpv4-sp-d16 -mfloat-abi=hard -mthumb -Wl,--start-group -lc -lm -Wl,--end-group
Finished building target: Project1.elf
 
arm-none-eabi-size  Project1.elf 
arm-none-eabi-objdump -h -S Project1.elf  > "Project1.list"
   text	   data	    bss	    dec	    hex	filename
  50464	    484	  62532	 113480	  1bb48	Project1.elf
Finished building: default.size.stdout
 
Finished building: Project1.list
 
00:31:52 **** Incremental Build of configuration Debug for project Project1 ****
make -j24 all 
arm-none-eabi-size  Project1.elf 
   text	   data	    bss	    dec	    hex	filename
  50464	    484	  62532	 113480	  1bb48	Project1.elf
Finished building: default.size.stdout
 
12:28:10 **** Incremental Build of configuration Debug for project Project1 ****
make -j24 all 
arm-none-eabi-size  Project1.elf 
   text	   data	    bss	    dec	    hex	filename
  50464	    484	  62532	 113480	  1bb48	Project1.elf
Finished building: default.size.stdout
 
12:28:13 **** Incremental Build of configuration Debug for project Project1 ****
make -j24 all 
arm-none-eabi-size  Project1.elf 
   text	   data	    bss	    dec	    hex	filename
  50464	    484	  62532	 113480	  1bb48	Project1.elf
Finished building: default.size.stdout
 
12:29:29 **** Incremental Build of configuration Debug for project Project1 ****
make -j24 all 
arm-none-eabi-size  Project1.elf 
   text	   data	    bss	    dec	    hex	filename
  50464	    484	  62532	 113480	  1bb48	Project1.elf
Finished building: default.size.stdout
 
22:41:07 **** Build of configuration Debug for project Project1 ****
make -j24 all 
arm-none-eabi-size  Project1.elf 
   text	   data	    bss	    dec	    hex	filename
  50464	    484	  62532	 113480	  1bb48	Project1.elf
Finished building: default.size.stdout
 
22:41:10 **** Incremental Build of configuration Debug for project Project1 ****
make -j24 all 
arm-none-eabi-size  Project1.elf 
   text	   data	    bss	    dec	    hex	filename
  50464	    484	  62532	 113480	  1bb48	Project1.elf
Finished building: default.size.stdout
 
22:42:34 **** Incremental Build of configuration Debug for project Project1 ****
make -j24 all 
arm-none-eabi-gcc "../Core/Src/main.c" -mcpu=cortex-m4 -std=gnu11 -g3 -DDEBUG -DUSE_HAL_DRIVER -DSTM32L432xx -c -I../Core/Inc -I../Drivers/STM32L4xx_HAL_Driver/Inc -I../Drivers/STM32L4xx_HAL_Driver/Inc/Legacy -I../Drivers/CMSIS/Device/ST/STM32L4xx/Include -I../Drivers/CMSIS/Include -O0 -ffunction-sections -fdata-sections -Wall -fstack-usage -fcyclomatic-complexity -MMD -MP -MF"Core/Src/main.d" -MT"Core/Src/main.o" --specs=nano.specs -mfpu=fpv4-sp-d16 -mfloat-abi=hard -mthumb -o "Core/Src/main.o"
../Core/Src/main.c: In function 'generate_linear':
../Core/Src/main.c:142:9: warning: implicit declaration of function 'AD5761_Write' [-Wimplicit-function-declaration]
  142 |         AD5761_Write((uint8_t)DAC_update_address, dac_value);
      |         ^~~~~~~~~~~~
../Core/Src/main.c: At top level:
../Core/Src/main.c:185:6: warning: conflicting types for 'AD5761_Write'; have 'void(uint8_t,  uint16_t)' {aka 'void(unsigned char,  short unsigned int)'}
  185 | void AD5761_Write(uint8_t reg, uint16_t value) {
      |      ^~~~~~~~~~~~
../Core/Src/main.c:142:9: note: previous implicit declaration of 'AD5761_Write' with type 'void(uint8_t,  uint16_t)' {aka 'void(unsigned char,  short unsigned int)'}
  142 |         AD5761_Write((uint8_t)DAC_update_address, dac_value);
      |         ^~~~~~~~~~~~
../Core/Src/main.c: In function 'main':
../Core/Src/main.c:261:33: warning: pointer targets in passing argument 2 of 'HAL_UART_Receive_DMA' differ in signedness [-Wpointer-sign]
  261 |   HAL_UART_Receive_DMA(&huart2, rx_buf,5);
      |                                 ^~~~~~
      |                                 |
      |                                 char *
In file included from ../Core/Inc/stm32l4xx_hal_conf.h:450,
                 from ../Drivers/STM32L4xx_HAL_Driver/Inc/stm32l4xx_hal.h:29,
                 from ../Core/Inc/main.h:30,
                 from ../Core/Src/main.c:20:
../Drivers/STM32L4xx_HAL_Driver/Inc/stm32l4xx_hal_uart.h:1702:76: note: expected 'uint8_t *' {aka 'unsigned char *'} but argument is of type 'char *'
 1702 | HAL_StatusTypeDef HAL_UART_Receive_DMA(UART_HandleTypeDef *huart, uint8_t *pData, uint16_t Size);
      |                                                                   ~~~~~~~~~^~~~~
arm-none-eabi-gcc -o "Project1.elf" @"objects.list"   -mcpu=cortex-m4 -T"C:\Users\Justin HUa\STM32CubeIDE\workspace_1.15.1\Project1\STM32L432KCUX_FLASH.ld" --specs=nosys.specs -Wl,-Map="Project1.map" -Wl,--gc-sections -static -u _printf_float --specs=nano.specs -mfpu=fpv4-sp-d16 -mfloat-abi=hard -mthumb -Wl,--start-group -lc -lm -Wl,--end-group
Finished building target: Project1.elf
 
arm-none-eabi-size  Project1.elf 
arm-none-eabi-objdump -h -S Project1.elf  > "Project1.list"
   text	   data	    bss	    dec	    hex	filename
  50464	    484	  62532	 113480	  1bb48	Project1.elf
Finished building: default.size.stdout
 
Finished building: Project1.list
 
22:42:39 **** Incremental Build of configuration Debug for project Project1 ****
make -j24 all 
arm-none-eabi-size  Project1.elf 
   text	   data	    bss	    dec	    hex	filename
  50464	    484	  62532	 113480	  1bb48	Project1.elf
Finished building: default.size.stdout
 
22:44:48 **** Incremental Build of configuration Debug for project Project1 ****
make -j24 all 
arm-none-eabi-size  Project1.elf 
   text	   data	    bss	    dec	    hex	filename
  50464	    484	  62532	 113480	  1bb48	Project1.elf
Finished building: default.size.stdout
 
22:48:33 **** Incremental Build of configuration Debug for project Project1 ****
make -j24 all 
arm-none-eabi-size  Project1.elf 
   text	   data	    bss	    dec	    hex	filename
  50464	    484	  62532	 113480	  1bb48	Project1.elf
Finished building: default.size.stdout
 
22:49:25 **** Incremental Build of configuration Debug for project Project1 ****
make -j24 all 
arm-none-eabi-size  Project1.elf 
   text	   data	    bss	    dec	    hex	filename
  50464	    484	  62532	 113480	  1bb48	Project1.elf
Finished building: default.size.stdout
 
22:51:49 **** Incremental Build of configuration Debug for project Project1 ****
make -j24 all 
arm-none-eabi-size  Project1.elf 
   text	   data	    bss	    dec	    hex	filename
  50464	    484	  62532	 113480	  1bb48	Project1.elf
Finished building: default.size.stdout
 
23:09:59 **** Incremental Build of configuration Debug for project Project1 ****
make -j24 all 
arm-none-eabi-size  Project1.elf 
   text	   data	    bss	    dec	    hex	filename
  50464	    484	  62532	 113480	  1bb48	Project1.elf
Finished building: default.size.stdout
 
23:26:11 **** Incremental Build of configuration Debug for project Project1 ****
make -j24 all 
arm-none-eabi-size  Project1.elf 
   text	   data	    bss	    dec	    hex	filename
  50464	    484	  62532	 113480	  1bb48	Project1.elf
Finished building: default.size.stdout
 
23:27:55 **** Incremental Build of configuration Debug for project Project1 ****
make -j24 all 
arm-none-eabi-size  Project1.elf 
   text	   data	    bss	    dec	    hex	filename
  50464	    484	  62532	 113480	  1bb48	Project1.elf
Finished building: default.size.stdout
 
23:58:54 **** Incremental Build of configuration Debug for project Project1 ****
make -j24 all 
arm-none-eabi-size  Project1.elf 
   text	   data	    bss	    dec	    hex	filename
  50464	    484	  62532	 113480	  1bb48	Project1.elf
Finished building: default.size.stdout
 
00:00:35 **** Incremental Build of configuration Debug for project Project1 ****
make -j24 all 
arm-none-eabi-gcc "../Core/Src/main.c" -mcpu=cortex-m4 -std=gnu11 -g3 -DDEBUG -DUSE_HAL_DRIVER -DSTM32L432xx -c -I../Core/Inc -I../Drivers/STM32L4xx_HAL_Driver/Inc -I../Drivers/STM32L4xx_HAL_Driver/Inc/Legacy -I../Drivers/CMSIS/Device/ST/STM32L4xx/Include -I../Drivers/CMSIS/Include -O0 -ffunction-sections -fdata-sections -Wall -fstack-usage -fcyclomatic-complexity -MMD -MP -MF"Core/Src/main.d" -MT"Core/Src/main.o" --specs=nano.specs -mfpu=fpv4-sp-d16 -mfloat-abi=hard -mthumb -o "Core/Src/main.o"
../Core/Src/main.c: In function 'generate_linear':
../Core/Src/main.c:142:9: warning: implicit declaration of function 'AD5761_Write' [-Wimplicit-function-declaration]
  142 |         AD5761_Write((uint8_t)DAC_update_address, dac_value);
      |         ^~~~~~~~~~~~
../Core/Src/main.c: At top level:
../Core/Src/main.c:185:6: warning: conflicting types for 'AD5761_Write'; have 'void(uint8_t,  uint16_t)' {aka 'void(unsigned char,  short unsigned int)'}
  185 | void AD5761_Write(uint8_t reg, uint16_t value) {
      |      ^~~~~~~~~~~~
../Core/Src/main.c:142:9: note: previous implicit declaration of 'AD5761_Write' with type 'void(uint8_t,  uint16_t)' {aka 'void(unsigned char,  short unsigned int)'}
  142 |         AD5761_Write((uint8_t)DAC_update_address, dac_value);
      |         ^~~~~~~~~~~~
../Core/Src/main.c: In function 'main':
../Core/Src/main.c:261:33: warning: pointer targets in passing argument 2 of 'HAL_UART_Receive_DMA' differ in signedness [-Wpointer-sign]
  261 |   HAL_UART_Receive_DMA(&huart2, rx_buf,5);
      |                                 ^~~~~~
      |                                 |
      |                                 char *
In file included from ../Core/Inc/stm32l4xx_hal_conf.h:450,
                 from ../Drivers/STM32L4xx_HAL_Driver/Inc/stm32l4xx_hal.h:29,
                 from ../Core/Inc/main.h:30,
                 from ../Core/Src/main.c:20:
../Drivers/STM32L4xx_HAL_Driver/Inc/stm32l4xx_hal_uart.h:1702:76: note: expected 'uint8_t *' {aka 'unsigned char *'} but argument is of type 'char *'
 1702 | HAL_StatusTypeDef HAL_UART_Receive_DMA(UART_HandleTypeDef *huart, uint8_t *pData, uint16_t Size);
      |                                                                   ~~~~~~~~~^~~~~
arm-none-eabi-gcc -o "Project1.elf" @"objects.list"   -mcpu=cortex-m4 -T"C:\Users\Justin HUa\STM32CubeIDE\workspace_1.15.1\Project1\STM32L432KCUX_FLASH.ld" --specs=nosys.specs -Wl,-Map="Project1.map" -Wl,--gc-sections -static -u _printf_float --specs=nano.specs -mfpu=fpv4-sp-d16 -mfloat-abi=hard -mthumb -Wl,--start-group -lc -lm -Wl,--end-group
Finished building target: Project1.elf
 
arm-none-eabi-size  Project1.elf 
arm-none-eabi-objdump -h -S Project1.elf  > "Project1.list"
   text	   data	    bss	    dec	    hex	filename
  50464	    484	  62532	 113480	  1bb48	Project1.elf
Finished building: default.size.stdout
 
Finished building: Project1.list
 
00:00:42 **** Incremental Build of configuration Debug for project Project1 ****
make -j24 all 
arm-none-eabi-size  Project1.elf 
   text	   data	    bss	    dec	    hex	filename
  50464	    484	  62532	 113480	  1bb48	Project1.elf
Finished building: default.size.stdout
 
00:01:09 **** Incremental Build of configuration Debug for project Project1 ****
make -j24 all 
arm-none-eabi-gcc "../Core/Src/main.c" -mcpu=cortex-m4 -std=gnu11 -g3 -DDEBUG -DUSE_HAL_DRIVER -DSTM32L432xx -c -I../Core/Inc -I../Drivers/STM32L4xx_HAL_Driver/Inc -I../Drivers/STM32L4xx_HAL_Driver/Inc/Legacy -I../Drivers/CMSIS/Device/ST/STM32L4xx/Include -I../Drivers/CMSIS/Include -O0 -ffunction-sections -fdata-sections -Wall -fstack-usage -fcyclomatic-complexity -MMD -MP -MF"Core/Src/main.d" -MT"Core/Src/main.o" --specs=nano.specs -mfpu=fpv4-sp-d16 -mfloat-abi=hard -mthumb -o "Core/Src/main.o"
../Core/Src/main.c: In function 'generate_linear':
../Core/Src/main.c:142:9: warning: implicit declaration of function 'AD5761_Write' [-Wimplicit-function-declaration]
  142 |         AD5761_Write((uint8_t)DAC_update_address, dac_value);
      |         ^~~~~~~~~~~~
../Core/Src/main.c: At top level:
../Core/Src/main.c:185:6: warning: conflicting types for 'AD5761_Write'; have 'void(uint8_t,  uint16_t)' {aka 'void(unsigned char,  short unsigned int)'}
  185 | void AD5761_Write(uint8_t reg, uint16_t value) {
      |      ^~~~~~~~~~~~
../Core/Src/main.c:142:9: note: previous implicit declaration of 'AD5761_Write' with type 'void(uint8_t,  uint16_t)' {aka 'void(unsigned char,  short unsigned int)'}
  142 |         AD5761_Write((uint8_t)DAC_update_address, dac_value);
      |         ^~~~~~~~~~~~
../Core/Src/main.c: In function 'main':
../Core/Src/main.c:261:33: warning: pointer targets in passing argument 2 of 'HAL_UART_Receive_DMA' differ in signedness [-Wpointer-sign]
  261 |   HAL_UART_Receive_DMA(&huart2, rx_buf,5);
      |                                 ^~~~~~
      |                                 |
      |                                 char *
In file included from ../Core/Inc/stm32l4xx_hal_conf.h:450,
                 from ../Drivers/STM32L4xx_HAL_Driver/Inc/stm32l4xx_hal.h:29,
                 from ../Core/Inc/main.h:30,
                 from ../Core/Src/main.c:20:
../Drivers/STM32L4xx_HAL_Driver/Inc/stm32l4xx_hal_uart.h:1702:76: note: expected 'uint8_t *' {aka 'unsigned char *'} but argument is of type 'char *'
 1702 | HAL_StatusTypeDef HAL_UART_Receive_DMA(UART_HandleTypeDef *huart, uint8_t *pData, uint16_t Size);
      |                                                                   ~~~~~~~~~^~~~~
arm-none-eabi-gcc -o "Project1.elf" @"objects.list"   -mcpu=cortex-m4 -T"C:\Users\Justin HUa\STM32CubeIDE\workspace_1.15.1\Project1\STM32L432KCUX_FLASH.ld" --specs=nosys.specs -Wl,-Map="Project1.map" -Wl,--gc-sections -static -u _printf_float --specs=nano.specs -mfpu=fpv4-sp-d16 -mfloat-abi=hard -mthumb -Wl,--start-group -lc -lm -Wl,--end-group
Finished building target: Project1.elf
 
arm-none-eabi-size  Project1.elf 
arm-none-eabi-objdump -h -S Project1.elf  > "Project1.list"
   text	   data	    bss	    dec	    hex	filename
  50464	    484	  62532	 113480	  1bb48	Project1.elf
Finished building: default.size.stdout
 
Finished building: Project1.list
 
00:01:13 **** Incremental Build of configuration Debug for project Project1 ****
make -j24 all 
arm-none-eabi-size  Project1.elf 
   text	   data	    bss	    dec	    hex	filename
  50464	    484	  62532	 113480	  1bb48	Project1.elf
Finished building: default.size.stdout
 
00:08:45 **** Incremental Build of configuration Debug for project Project1 ****
make -j24 all 
arm-none-eabi-size  Project1.elf 
   text	   data	    bss	    dec	    hex	filename
  50464	    484	  62532	 113480	  1bb48	Project1.elf
Finished building: default.size.stdout
 
00:09:56 **** Incremental Build of configuration Debug for project Project1 ****
make -j24 all 
arm-none-eabi-size  Project1.elf 
   text	   data	    bss	    dec	    hex	filename
  50464	    484	  62532	 113480	  1bb48	Project1.elf
Finished building: default.size.stdout
 
00:09:59 **** Incremental Build of configuration Debug for project Project1 ****
make -j24 all 
arm-none-eabi-size  Project1.elf 
   text	   data	    bss	    dec	    hex	filename
  50464	    484	  62532	 113480	  1bb48	Project1.elf
Finished building: default.size.stdout
 
00:14:24 **** Incremental Build of configuration Debug for project Project1 ****
make -j24 all 
arm-none-eabi-size  Project1.elf 
   text	   data	    bss	    dec	    hex	filename
  50464	    484	  62532	 113480	  1bb48	Project1.elf
Finished building: default.size.stdout
 
00:14:26 **** Incremental Build of configuration Debug for project Project1 ****
make -j24 all 
arm-none-eabi-size  Project1.elf 
   text	   data	    bss	    dec	    hex	filename
  50464	    484	  62532	 113480	  1bb48	Project1.elf
Finished building: default.size.stdout
 
00:15:28 **** Incremental Build of configuration Debug for project Project1 ****
make -j24 all 
arm-none-eabi-size  Project1.elf 
   text	   data	    bss	    dec	    hex	filename
  50464	    484	  62532	 113480	  1bb48	Project1.elf
Finished building: default.size.stdout
 
00:15:40 **** Incremental Build of configuration Debug for project Project1 ****
make -j24 all 
arm-none-eabi-size  Project1.elf 
   text	   data	    bss	    dec	    hex	filename
  50464	    484	  62532	 113480	  1bb48	Project1.elf
Finished building: default.size.stdout
 
00:16:52 **** Incremental Build of configuration Debug for project Project1 ****
make -j24 all 
arm-none-eabi-gcc "../Core/Src/main.c" -mcpu=cortex-m4 -std=gnu11 -g3 -DDEBUG -DUSE_HAL_DRIVER -DSTM32L432xx -c -I../Core/Inc -I../Drivers/STM32L4xx_HAL_Driver/Inc -I../Drivers/STM32L4xx_HAL_Driver/Inc/Legacy -I../Drivers/CMSIS/Device/ST/STM32L4xx/Include -I../Drivers/CMSIS/Include -O0 -ffunction-sections -fdata-sections -Wall -fstack-usage -fcyclomatic-complexity -MMD -MP -MF"Core/Src/main.d" -MT"Core/Src/main.o" --specs=nano.specs -mfpu=fpv4-sp-d16 -mfloat-abi=hard -mthumb -o "Core/Src/main.o"
../Core/Src/main.c: In function 'generate_linear':
../Core/Src/main.c:142:9: warning: implicit declaration of function 'AD5761_Write' [-Wimplicit-function-declaration]
  142 |         AD5761_Write((uint8_t)DAC_update_address, dac_value);
      |         ^~~~~~~~~~~~
../Core/Src/main.c: At top level:
../Core/Src/main.c:185:6: warning: conflicting types for 'AD5761_Write'; have 'void(uint8_t,  uint16_t)' {aka 'void(unsigned char,  short unsigned int)'}
  185 | void AD5761_Write(uint8_t reg, uint16_t value) {
      |      ^~~~~~~~~~~~
../Core/Src/main.c:142:9: note: previous implicit declaration of 'AD5761_Write' with type 'void(uint8_t,  uint16_t)' {aka 'void(unsigned char,  short unsigned int)'}
  142 |         AD5761_Write((uint8_t)DAC_update_address, dac_value);
      |         ^~~~~~~~~~~~
../Core/Src/main.c: In function 'main':
../Core/Src/main.c:261:33: warning: pointer targets in passing argument 2 of 'HAL_UART_Receive_DMA' differ in signedness [-Wpointer-sign]
  261 |   HAL_UART_Receive_DMA(&huart2, rx_buf,5);
      |                                 ^~~~~~
      |                                 |
      |                                 char *
In file included from ../Core/Inc/stm32l4xx_hal_conf.h:450,
                 from ../Drivers/STM32L4xx_HAL_Driver/Inc/stm32l4xx_hal.h:29,
                 from ../Core/Inc/main.h:30,
                 from ../Core/Src/main.c:20:
../Drivers/STM32L4xx_HAL_Driver/Inc/stm32l4xx_hal_uart.h:1702:76: note: expected 'uint8_t *' {aka 'unsigned char *'} but argument is of type 'char *'
 1702 | HAL_StatusTypeDef HAL_UART_Receive_DMA(UART_HandleTypeDef *huart, uint8_t *pData, uint16_t Size);
      |                                                                   ~~~~~~~~~^~~~~
arm-none-eabi-gcc -o "Project1.elf" @"objects.list"   -mcpu=cortex-m4 -T"C:\Users\Justin HUa\STM32CubeIDE\workspace_1.15.1\Project1\STM32L432KCUX_FLASH.ld" --specs=nosys.specs -Wl,-Map="Project1.map" -Wl,--gc-sections -static -u _printf_float --specs=nano.specs -mfpu=fpv4-sp-d16 -mfloat-abi=hard -mthumb -Wl,--start-group -lc -lm -Wl,--end-group
Finished building target: Project1.elf
 
arm-none-eabi-size  Project1.elf 
arm-none-eabi-objdump -h -S Project1.elf  > "Project1.list"
   text	   data	    bss	    dec	    hex	filename
  50464	    484	  62532	 113480	  1bb48	Project1.elf
Finished building: default.size.stdout
 
Finished building: Project1.list
 
00:16:54 **** Incremental Build of configuration Debug for project Project1 ****
make -j24 all 
arm-none-eabi-size  Project1.elf 
   text	   data	    bss	    dec	    hex	filename
  50464	    484	  62532	 113480	  1bb48	Project1.elf
Finished building: default.size.stdout
 
00:27:10 **** Incremental Build of configuration Debug for project Project1 ****
make -j24 all 
arm-none-eabi-size  Project1.elf 
   text	   data	    bss	    dec	    hex	filename
  50464	    484	  62532	 113480	  1bb48	Project1.elf
Finished building: default.size.stdout
 
00:52:34 **** Incremental Build of configuration Debug for project Project1 ****
make -j24 all 
arm-none-eabi-size  Project1.elf 
   text	   data	    bss	    dec	    hex	filename
  50464	    484	  62532	 113480	  1bb48	Project1.elf
Finished building: default.size.stdout
 
00:52:36 **** Incremental Build of configuration Debug for project Project1 ****
make -j24 all 
arm-none-eabi-size  Project1.elf 
   text	   data	    bss	    dec	    hex	filename
  50464	    484	  62532	 113480	  1bb48	Project1.elf
Finished building: default.size.stdout
 
00:55:32 **** Incremental Build of configuration Debug for project Project1 ****
make -j24 all 
arm-none-eabi-size  Project1.elf 
   text	   data	    bss	    dec	    hex	filename
  50464	    484	  62532	 113480	  1bb48	Project1.elf
Finished building: default.size.stdout
 
01:09:27 **** Incremental Build of configuration Debug for project Project1 ****
make -j24 all 
arm-none-eabi-size  Project1.elf 
   text	   data	    bss	    dec	    hex	filename
  50464	    484	  62532	 113480	  1bb48	Project1.elf
Finished building: default.size.stdout
 
01:09:58 **** Incremental Build of configuration Debug for project Project1 ****
make -j24 all 
arm-none-eabi-gcc "../Core/Src/main.c" -mcpu=cortex-m4 -std=gnu11 -g3 -DDEBUG -DUSE_HAL_DRIVER -DSTM32L432xx -c -I../Core/Inc -I../Drivers/STM32L4xx_HAL_Driver/Inc -I../Drivers/STM32L4xx_HAL_Driver/Inc/Legacy -I../Drivers/CMSIS/Device/ST/STM32L4xx/Include -I../Drivers/CMSIS/Include -O0 -ffunction-sections -fdata-sections -Wall -fstack-usage -fcyclomatic-complexity -MMD -MP -MF"Core/Src/main.d" -MT"Core/Src/main.o" --specs=nano.specs -mfpu=fpv4-sp-d16 -mfloat-abi=hard -mthumb -o "Core/Src/main.o"
../Core/Src/main.c: In function 'generate_linear':
../Core/Src/main.c:142:9: warning: implicit declaration of function 'AD5761_Write' [-Wimplicit-function-declaration]
  142 |         AD5761_Write((uint8_t)DAC_update_address, dac_value);
      |         ^~~~~~~~~~~~
../Core/Src/main.c: At top level:
../Core/Src/main.c:185:6: warning: conflicting types for 'AD5761_Write'; have 'void(uint8_t,  uint16_t)' {aka 'void(unsigned char,  short unsigned int)'}
  185 | void AD5761_Write(uint8_t reg, uint16_t value) {
      |      ^~~~~~~~~~~~
../Core/Src/main.c:142:9: note: previous implicit declaration of 'AD5761_Write' with type 'void(uint8_t,  uint16_t)' {aka 'void(unsigned char,  short unsigned int)'}
  142 |         AD5761_Write((uint8_t)DAC_update_address, dac_value);
      |         ^~~~~~~~~~~~
../Core/Src/main.c: In function 'main':
../Core/Src/main.c:261:33: warning: pointer targets in passing argument 2 of 'HAL_UART_Receive_DMA' differ in signedness [-Wpointer-sign]
  261 |   HAL_UART_Receive_DMA(&huart2, rx_buf,5);
      |                                 ^~~~~~
      |                                 |
      |                                 char *
In file included from ../Core/Inc/stm32l4xx_hal_conf.h:450,
                 from ../Drivers/STM32L4xx_HAL_Driver/Inc/stm32l4xx_hal.h:29,
                 from ../Core/Inc/main.h:30,
                 from ../Core/Src/main.c:20:
../Drivers/STM32L4xx_HAL_Driver/Inc/stm32l4xx_hal_uart.h:1702:76: note: expected 'uint8_t *' {aka 'unsigned char *'} but argument is of type 'char *'
 1702 | HAL_StatusTypeDef HAL_UART_Receive_DMA(UART_HandleTypeDef *huart, uint8_t *pData, uint16_t Size);
      |                                                                   ~~~~~~~~~^~~~~
arm-none-eabi-gcc -o "Project1.elf" @"objects.list"   -mcpu=cortex-m4 -T"C:\Users\Justin HUa\STM32CubeIDE\workspace_1.15.1\Project1\STM32L432KCUX_FLASH.ld" --specs=nosys.specs -Wl,-Map="Project1.map" -Wl,--gc-sections -static -u _printf_float --specs=nano.specs -mfpu=fpv4-sp-d16 -mfloat-abi=hard -mthumb -Wl,--start-group -lc -lm -Wl,--end-group
Finished building target: Project1.elf
 
arm-none-eabi-size  Project1.elf 
arm-none-eabi-objdump -h -S Project1.elf  > "Project1.list"
   text	   data	    bss	    dec	    hex	filename
  50464	    484	  62532	 113480	  1bb48	Project1.elf
Finished building: default.size.stdout
 
Finished building: Project1.list
 
01:10:00 **** Incremental Build of configuration Debug for project Project1 ****
make -j24 all 
arm-none-eabi-size  Project1.elf 
   text	   data	    bss	    dec	    hex	filename
  50464	    484	  62532	 113480	  1bb48	Project1.elf
Finished building: default.size.stdout
 
01:12:15 **** Incremental Build of configuration Debug for project Project1 ****
make -j24 all 
arm-none-eabi-gcc "../Core/Src/main.c" -mcpu=cortex-m4 -std=gnu11 -g3 -DDEBUG -DUSE_HAL_DRIVER -DSTM32L432xx -c -I../Core/Inc -I../Drivers/STM32L4xx_HAL_Driver/Inc -I../Drivers/STM32L4xx_HAL_Driver/Inc/Legacy -I../Drivers/CMSIS/Device/ST/STM32L4xx/Include -I../Drivers/CMSIS/Include -O0 -ffunction-sections -fdata-sections -Wall -fstack-usage -fcyclomatic-complexity -MMD -MP -MF"Core/Src/main.d" -MT"Core/Src/main.o" --specs=nano.specs -mfpu=fpv4-sp-d16 -mfloat-abi=hard -mthumb -o "Core/Src/main.o"
../Core/Src/main.c: In function 'generate_linear':
../Core/Src/main.c:142:9: warning: implicit declaration of function 'AD5761_Write' [-Wimplicit-function-declaration]
  142 |         AD5761_Write((uint8_t)DAC_update_address, dac_value);
      |         ^~~~~~~~~~~~
../Core/Src/main.c: At top level:
../Core/Src/main.c:185:6: warning: conflicting types for 'AD5761_Write'; have 'void(uint8_t,  uint16_t)' {aka 'void(unsigned char,  short unsigned int)'}
  185 | void AD5761_Write(uint8_t reg, uint16_t value) {
      |      ^~~~~~~~~~~~
../Core/Src/main.c:142:9: note: previous implicit declaration of 'AD5761_Write' with type 'void(uint8_t,  uint16_t)' {aka 'void(unsigned char,  short unsigned int)'}
  142 |         AD5761_Write((uint8_t)DAC_update_address, dac_value);
      |         ^~~~~~~~~~~~
../Core/Src/main.c: In function 'main':
../Core/Src/main.c:261:33: warning: pointer targets in passing argument 2 of 'HAL_UART_Receive_DMA' differ in signedness [-Wpointer-sign]
  261 |   HAL_UART_Receive_DMA(&huart2, rx_buf,5);
      |                                 ^~~~~~
      |                                 |
      |                                 char *
In file included from ../Core/Inc/stm32l4xx_hal_conf.h:450,
                 from ../Drivers/STM32L4xx_HAL_Driver/Inc/stm32l4xx_hal.h:29,
                 from ../Core/Inc/main.h:30,
                 from ../Core/Src/main.c:20:
../Drivers/STM32L4xx_HAL_Driver/Inc/stm32l4xx_hal_uart.h:1702:76: note: expected 'uint8_t *' {aka 'unsigned char *'} but argument is of type 'char *'
 1702 | HAL_StatusTypeDef HAL_UART_Receive_DMA(UART_HandleTypeDef *huart, uint8_t *pData, uint16_t Size);
      |                                                                   ~~~~~~~~~^~~~~
arm-none-eabi-gcc -o "Project1.elf" @"objects.list"   -mcpu=cortex-m4 -T"C:\Users\Justin HUa\STM32CubeIDE\workspace_1.15.1\Project1\STM32L432KCUX_FLASH.ld" --specs=nosys.specs -Wl,-Map="Project1.map" -Wl,--gc-sections -static -u _printf_float --specs=nano.specs -mfpu=fpv4-sp-d16 -mfloat-abi=hard -mthumb -Wl,--start-group -lc -lm -Wl,--end-group
Finished building target: Project1.elf
 
arm-none-eabi-size  Project1.elf 
arm-none-eabi-objdump -h -S Project1.elf  > "Project1.list"
   text	   data	    bss	    dec	    hex	filename
  50464	    484	  62532	 113480	  1bb48	Project1.elf
Finished building: default.size.stdout
 
Finished building: Project1.list
 
01:12:37 **** Incremental Build of configuration Debug for project Project1 ****
make -j24 all 
arm-none-eabi-size  Project1.elf 
   text	   data	    bss	    dec	    hex	filename
  50464	    484	  62532	 113480	  1bb48	Project1.elf
Finished building: default.size.stdout
 
14:15:45 **** Incremental Build of configuration Debug for project Project1 ****
make -j24 all 
arm-none-eabi-gcc "../Core/Src/main.c" -mcpu=cortex-m4 -std=gnu11 -g3 -DDEBUG -DUSE_HAL_DRIVER -DSTM32L432xx -c -I../Core/Inc -I../Drivers/STM32L4xx_HAL_Driver/Inc -I../Drivers/STM32L4xx_HAL_Driver/Inc/Legacy -I../Drivers/CMSIS/Device/ST/STM32L4xx/Include -I../Drivers/CMSIS/Include -O0 -ffunction-sections -fdata-sections -Wall -fstack-usage -fcyclomatic-complexity -MMD -MP -MF"Core/Src/main.d" -MT"Core/Src/main.o" --specs=nano.specs -mfpu=fpv4-sp-d16 -mfloat-abi=hard -mthumb -o "Core/Src/main.o"
../Core/Src/main.c: In function 'generate_linear':
../Core/Src/main.c:142:9: warning: implicit declaration of function 'AD5761_Write' [-Wimplicit-function-declaration]
  142 |         AD5761_Write((uint8_t)DAC_update_address, dac_value);
      |         ^~~~~~~~~~~~
../Core/Src/main.c: At top level:
../Core/Src/main.c:185:6: warning: conflicting types for 'AD5761_Write'; have 'void(uint8_t,  uint16_t)' {aka 'void(unsigned char,  short unsigned int)'}
  185 | void AD5761_Write(uint8_t reg, uint16_t value) {
      |      ^~~~~~~~~~~~
../Core/Src/main.c:142:9: note: previous implicit declaration of 'AD5761_Write' with type 'void(uint8_t,  uint16_t)' {aka 'void(unsigned char,  short unsigned int)'}
  142 |         AD5761_Write((uint8_t)DAC_update_address, dac_value);
      |         ^~~~~~~~~~~~
../Core/Src/main.c: In function 'main':
../Core/Src/main.c:261:33: warning: pointer targets in passing argument 2 of 'HAL_UART_Receive_DMA' differ in signedness [-Wpointer-sign]
  261 |   HAL_UART_Receive_DMA(&huart2, rx_buf,5);
      |                                 ^~~~~~
      |                                 |
      |                                 char *
In file included from ../Core/Inc/stm32l4xx_hal_conf.h:450,
                 from ../Drivers/STM32L4xx_HAL_Driver/Inc/stm32l4xx_hal.h:29,
                 from ../Core/Inc/main.h:30,
                 from ../Core/Src/main.c:20:
../Drivers/STM32L4xx_HAL_Driver/Inc/stm32l4xx_hal_uart.h:1702:76: note: expected 'uint8_t *' {aka 'unsigned char *'} but argument is of type 'char *'
 1702 | HAL_StatusTypeDef HAL_UART_Receive_DMA(UART_HandleTypeDef *huart, uint8_t *pData, uint16_t Size);
      |                                                                   ~~~~~~~~~^~~~~
arm-none-eabi-gcc -o "Project1.elf" @"objects.list"   -mcpu=cortex-m4 -T"C:\Users\Justin HUa\STM32CubeIDE\workspace_1.15.1\Project1\STM32L432KCUX_FLASH.ld" --specs=nosys.specs -Wl,-Map="Project1.map" -Wl,--gc-sections -static -u _printf_float --specs=nano.specs -mfpu=fpv4-sp-d16 -mfloat-abi=hard -mthumb -Wl,--start-group -lc -lm -Wl,--end-group
Finished building target: Project1.elf
 
arm-none-eabi-size  Project1.elf 
arm-none-eabi-objdump -h -S Project1.elf  > "Project1.list"
   text	   data	    bss	    dec	    hex	filename
  50464	    484	  62532	 113480	  1bb48	Project1.elf
Finished building: default.size.stdout
 
Finished building: Project1.list
 
14:15:49 **** Incremental Build of configuration Debug for project Project1 ****
make -j24 all 
arm-none-eabi-size  Project1.elf 
   text	   data	    bss	    dec	    hex	filename
  50464	    484	  62532	 113480	  1bb48	Project1.elf
Finished building: default.size.stdout
 
14:18:16 **** Incremental Build of configuration Debug for project Project1 ****
make -j24 all 
arm-none-eabi-size  Project1.elf 
   text	   data	    bss	    dec	    hex	filename
  50464	    484	  62532	 113480	  1bb48	Project1.elf
Finished building: default.size.stdout
 
14:22:39 **** Incremental Build of configuration Debug for project Project1 ****
make -j24 all 
arm-none-eabi-gcc "../Core/Src/main.c" -mcpu=cortex-m4 -std=gnu11 -g3 -DDEBUG -DUSE_HAL_DRIVER -DSTM32L432xx -c -I../Core/Inc -I../Drivers/STM32L4xx_HAL_Driver/Inc -I../Drivers/STM32L4xx_HAL_Driver/Inc/Legacy -I../Drivers/CMSIS/Device/ST/STM32L4xx/Include -I../Drivers/CMSIS/Include -O0 -ffunction-sections -fdata-sections -Wall -fstack-usage -fcyclomatic-complexity -MMD -MP -MF"Core/Src/main.d" -MT"Core/Src/main.o" --specs=nano.specs -mfpu=fpv4-sp-d16 -mfloat-abi=hard -mthumb -o "Core/Src/main.o"
../Core/Src/main.c: In function 'generate_linear':
../Core/Src/main.c:142:9: warning: implicit declaration of function 'AD5761_Write' [-Wimplicit-function-declaration]
  142 |         AD5761_Write((uint8_t)DAC_update_address, dac_value);
      |         ^~~~~~~~~~~~
../Core/Src/main.c: At top level:
../Core/Src/main.c:185:6: warning: conflicting types for 'AD5761_Write'; have 'void(uint8_t,  uint16_t)' {aka 'void(unsigned char,  short unsigned int)'}
  185 | void AD5761_Write(uint8_t reg, uint16_t value) {
[...]
  189 | void AD5761_Write(uint8_t reg, uint16_t value) {
      |      ^~~~~~~~~~~~
../Core/Src/main.c:146:9: note: previous implicit declaration of 'AD5761_Write' with type 'void(uint8_t,  uint16_t)' {aka 'void(unsigned char,  short unsigned int)'}
  146 |         AD5761_Write((uint8_t)DAC_update_address, dac_value);
      |         ^~~~~~~~~~~~
../Core/Src/main.c: In function 'main':
../Core/Src/main.c:265:33: warning: pointer targets in passing argument 2 of 'HAL_UART_Receive_DMA' differ in signedness [-Wpointer-sign]
  265 |   HAL_UART_Receive_DMA(&huart2, rx_buf,5);
      |                                 ^~~~~~
      |                                 |
      |                                 char *
In file included from ../Core/Inc/stm32l4xx_hal_conf.h:450,
                 from ../Drivers/STM32L4xx_HAL_Driver/Inc/stm32l4xx_hal.h:29,
                 from ../Core/Inc/main.h:30,
                 from ../Core/Src/main.c:20:
../Drivers/STM32L4xx_HAL_Driver/Inc/stm32l4xx_hal_uart.h:1702:76: note: expected 'uint8_t *' {aka 'unsigned char *'} but argument is of type 'char *'
 1702 | HAL_StatusTypeDef HAL_UART_Receive_DMA(UART_HandleTypeDef *huart, uint8_t *pData, uint16_t Size);
      |                                                                   ~~~~~~~~~^~~~~
arm-none-eabi-gcc -o "Project1.elf" @"objects.list"   -mcpu=cortex-m4 -T"C:\Users\Justin HUa\STM32CubeIDE\workspace_1.15.1\Project1\STM32L432KCUX_FLASH.ld" --specs=nosys.specs -Wl,-Map="Project1.map" -Wl,--gc-sections -static -u _printf_float --specs=nano.specs -mfpu=fpv4-sp-d16 -mfloat-abi=hard -mthumb -Wl,--start-group -lc -lm -Wl,--end-group
Finished building target: Project1.elf
 
arm-none-eabi-size  Project1.elf 
arm-none-eabi-objdump -h -S Project1.elf  > "Project1.list"
   text	   data	    bss	    dec	    hex	filename
  50992	    484	  22532	  74008	  12118	Project1.elf
Finished building: default.size.stdout
 
Finished building: Project1.list
 
21:32:55 **** Incremental Build of configuration Debug for project Project1 ****
make -j24 all 
arm-none-eabi-size  Project1.elf 
   text	   data	    bss	    dec	    hex	filename
  50992	    484	  22532	  74008	  12118	Project1.elf
Finished building: default.size.stdout
 
21:32:58 **** Incremental Build of configuration Debug for project Project1 ****
make -j24 all 
arm-none-eabi-size  Project1.elf 
   text	   data	    bss	    dec	    hex	filename
  50992	    484	  22532	  74008	  12118	Project1.elf
Finished building: default.size.stdout
 
21:43:21 **** Incremental Build of configuration Debug for project Project1 ****
make -j24 all 
arm-none-eabi-size  Project1.elf 
   text	   data	    bss	    dec	    hex	filename
  50992	    484	  22532	  74008	  12118	Project1.elf
Finished building: default.size.stdout
 
21:43:44 **** Incremental Build of configuration Debug for project Project1 ****
make -j24 all 
arm-none-eabi-size  Project1.elf 
   text	   data	    bss	    dec	    hex	filename
  50992	    484	  22532	  74008	  12118	Project1.elf
Finished building: default.size.stdout
 
21:47:43 **** Incremental Build of configuration Debug for project Project1 ****
make -j24 all 
arm-none-eabi-size  Project1.elf 
   text	   data	    bss	    dec	    hex	filename
  50992	    484	  22532	  74008	  12118	Project1.elf
Finished building: default.size.stdout
 
22:30:22 **** Incremental Build of configuration Debug for project Project1 ****
make -j24 all 
arm-none-eabi-size  Project1.elf 
   text	   data	    bss	    dec	    hex	filename
  50992	    484	  22532	  74008	  12118	Project1.elf
Finished building: default.size.stdout
 
22:34:02 **** Incremental Build of configuration Debug for project Project1 ****
make -j24 all 
arm-none-eabi-size  Project1.elf 
   text	   data	    bss	    dec	    hex	filename
  50992	    484	  22532	  74008	  12118	Project1.elf
Finished building: default.size.stdout
 
22:43:01 **** Incremental Build of configuration Debug for project Project1 ****
make -j24 all 
arm-none-eabi-gcc "../Core/Src/main.c" -mcpu=cortex-m4 -std=gnu11 -g3 -DDEBUG -DUSE_HAL_DRIVER -DSTM32L432xx -c -I../Core/Inc -I../Drivers/STM32L4xx_HAL_Driver/Inc -I../Drivers/STM32L4xx_HAL_Driver/Inc/Legacy -I../Drivers/CMSIS/Device/ST/STM32L4xx/Include -I../Drivers/CMSIS/Include -O0 -ffunction-sections -fdata-sections -Wall -fstack-usage -fcyclomatic-complexity -MMD -MP -MF"Core/Src/main.d" -MT"Core/Src/main.o" --specs=nano.specs -mfpu=fpv4-sp-d16 -mfloat-abi=hard -mthumb -o "Core/Src/main.o"
../Core/Src/main.c: In function 'generate_linear':
../Core/Src/main.c:146:9: warning: implicit declaration of function 'AD5761_Write' [-Wimplicit-function-declaration]
  146 |         AD5761_Write((uint8_t)DAC_update_address, dac_value);
      |         ^~~~~~~~~~~~
../Core/Src/main.c: At top level:
../Core/Src/main.c:189:6: warning: conflicting types for 'AD5761_Write'; have 'void(uint8_t,  uint16_t)' {aka 'void(unsigned char,  short unsigned int)'}
  189 | void AD5761_Write(uint8_t reg, uint16_t value) {
      |      ^~~~~~~~~~~~
../Core/Src/main.c:146:9: note: previous implicit declaration of 'AD5761_Write' with type 'void(uint8_t,  uint16_t)' {aka 'void(unsigned char,  short unsigned int)'}
  146 |         AD5761_Write((uint8_t)DAC_update_address, dac_value);
      |         ^~~~~~~~~~~~
../Core/Src/main.c: In function 'main':
../Core/Src/main.c:265:33: warning: pointer targets in passing argument 2 of 'HAL_UART_Receive_DMA' differ in signedness [-Wpointer-sign]
  265 |   HAL_UART_Receive_DMA(&huart2, rx_buf,5);
      |                                 ^~~~~~
      |                                 |
      |                                 char *
In file included from ../Core/Inc/stm32l4xx_hal_conf.h:450,
                 from ../Drivers/STM32L4xx_HAL_Driver/Inc/stm32l4xx_hal.h:29,
                 from ../Core/Inc/main.h:30,
                 from ../Core/Src/main.c:20:
../Drivers/STM32L4xx_HAL_Driver/Inc/stm32l4xx_hal_uart.h:1702:76: note: expected 'uint8_t *' {aka 'unsigned char *'} but argument is of type 'char *'
 1702 | HAL_StatusTypeDef HAL_UART_Receive_DMA(UART_HandleTypeDef *huart, uint8_t *pData, uint16_t Size);
      |                                                                   ~~~~~~~~~^~~~~
arm-none-eabi-gcc -o "Project1.elf" @"objects.list"   -mcpu=cortex-m4 -T"C:\Users\Justin HUa\STM32CubeIDE\workspace_1.15.1\Project1\STM32L432KCUX_FLASH.ld" --specs=nosys.specs -Wl,-Map="Project1.map" -Wl,--gc-sections -static -u _printf_float --specs=nano.specs -mfpu=fpv4-sp-d16 -mfloat-abi=hard -mthumb -Wl,--start-group -lc -lm -Wl,--end-group
Finished building target: Project1.elf
 
arm-none-eabi-size  Project1.elf 
arm-none-eabi-objdump -h -S Project1.elf  > "Project1.list"
   text	   data	    bss	    dec	    hex	filename
  50528	    484	  22532	  73544	  11f48	Project1.elf
Finished building: default.size.stdout
 
Finished building: Project1.list
 
22:43:29 **** Incremental Build of configuration Debug for project Project1 ****
make -j24 all 
arm-none-eabi-gcc "../Core/Src/main.c" -mcpu=cortex-m4 -std=gnu11 -g3 -DDEBUG -DUSE_HAL_DRIVER -DSTM32L432xx -c -I../Core/Inc -I../Drivers/STM32L4xx_HAL_Driver/Inc -I../Drivers/STM32L4xx_HAL_Driver/Inc/Legacy -I../Drivers/CMSIS/Device/ST/STM32L4xx/Include -I../Drivers/CMSIS/Include -O0 -ffunction-sections -fdata-sections -Wall -fstack-usage -fcyclomatic-complexity -MMD -MP -MF"Core/Src/main.d" -MT"Core/Src/main.o" --specs=nano.specs -mfpu=fpv4-sp-d16 -mfloat-abi=hard -mthumb -o "Core/Src/main.o"
../Core/Src/main.c: In function 'generate_linear':
../Core/Src/main.c:146:9: warning: implicit declaration of function 'AD5761_Write' [-Wimplicit-function-declaration]
  146 |         AD5761_Write((uint8_t)DAC_update_address, dac_value);
      |         ^~~~~~~~~~~~
../Core/Src/main.c: At top level:
../Core/Src/main.c:189:6: warning: conflicting types for 'AD5761_Write'; have 'void(uint8_t,  uint16_t)' {aka 'void(unsigned char,  short unsigned int)'}
  189 | void AD5761_Write(uint8_t reg, uint16_t value) {
      |      ^~~~~~~~~~~~
../Core/Src/main.c:146:9: note: previous implicit declaration of 'AD5761_Write' with type 'void(uint8_t,  uint16_t)' {aka 'void(unsigned char,  short unsigned int)'}
  146 |         AD5761_Write((uint8_t)DAC_update_address, dac_value);
      |         ^~~~~~~~~~~~
../Core/Src/main.c: In function 'main':
../Core/Src/main.c:265:33: warning: pointer targets in passing argument 2 of 'HAL_UART_Receive_DMA' differ in signedness [-Wpointer-sign]
  265 |   HAL_UART_Receive_DMA(&huart2, rx_buf,5);
      |                                 ^~~~~~
      |                                 |
      |                                 char *
In file included from ../Core/Inc/stm32l4xx_hal_conf.h:450,
                 from ../Drivers/STM32L4xx_HAL_Driver/Inc/stm32l4xx_hal.h:29,
                 from ../Core/Inc/main.h:30,
                 from ../Core/Src/main.c:20:
../Drivers/STM32L4xx_HAL_Driver/Inc/stm32l4xx_hal_uart.h:1702:76: note: expected 'uint8_t *' {aka 'unsigned char *'} but argument is of type 'char *'
 1702 | HAL_StatusTypeDef HAL_UART_Receive_DMA(UART_HandleTypeDef *huart, uint8_t *pData, uint16_t Size);
      |                                                                   ~~~~~~~~~^~~~~
arm-none-eabi-gcc -o "Project1.elf" @"objects.list"   -mcpu=cortex-m4 -T"C:\Users\Justin HUa\STM32CubeIDE\workspace_1.15.1\Project1\STM32L432KCUX_FLASH.ld" --specs=nosys.specs -Wl,-Map="Project1.map" -Wl,--gc-sections -static -u _printf_float --specs=nano.specs -mfpu=fpv4-sp-d16 -mfloat-abi=hard -mthumb -Wl,--start-group -lc -lm -Wl,--end-group
Finished building target: Project1.elf
 
arm-none-eabi-size  Project1.elf 
arm-none-eabi-objdump -h -S Project1.elf  > "Project1.list"
   text	   data	    bss	    dec	    hex	filename
  50528	    484	  22532	  73544	  11f48	Project1.elf
Finished building: default.size.stdout
 
Finished building: Project1.list
 
22:45:12 **** Incremental Build of configuration Debug for project Project1 ****
make -j24 all 
arm-none-eabi-gcc "../Core/Src/main.c" -mcpu=cortex-m4 -std=gnu11 -g3 -DDEBUG -DUSE_HAL_DRIVER -DSTM32L432xx -c -I../Core/Inc -I../Drivers/STM32L4xx_HAL_Driver/Inc -I../Drivers/STM32L4xx_HAL_Driver/Inc/Legacy -I../Drivers/CMSIS/Device/ST/STM32L4xx/Include -I../Drivers/CMSIS/Include -O0 -ffunction-sections -fdata-sections -Wall -fstack-usage -fcyclomatic-complexity -MMD -MP -MF"Core/Src/main.d" -MT"Core/Src/main.o" --specs=nano.specs -mfpu=fpv4-sp-d16 -mfloat-abi=hard -mthumb -o "Core/Src/main.o"
../Core/Src/main.c: In function 'generate_linear':
../Core/Src/main.c:146:9: warning: implicit declaration of function 'AD5761_Write' [-Wimplicit-function-declaration]
  146 |         AD5761_Write((uint8_t)DAC_update_address, dac_value);
      |         ^~~~~~~~~~~~
../Core/Src/main.c: At top level:
../Core/Src/main.c:189:6: warning: conflicting types for 'AD5761_Write'; have 'void(uint8_t,  uint16_t)' {aka 'void(unsigned char,  short unsigned int)'}
  189 | void AD5761_Write(uint8_t reg, uint16_t value) {
      |      ^~~~~~~~~~~~
../Core/Src/main.c:146:9: note: previous implicit declaration of 'AD5761_Write' with type 'void(uint8_t,  uint16_t)' {aka 'void(unsigned char,  short unsigned int)'}
  146 |         AD5761_Write((uint8_t)DAC_update_address, dac_value);
      |         ^~~~~~~~~~~~
../Core/Src/main.c: In function 'main':
../Core/Src/main.c:265:33: warning: pointer targets in passing argument 2 of 'HAL_UART_Receive_DMA' differ in signedness [-Wpointer-sign]
  265 |   HAL_UART_Receive_DMA(&huart2, rx_buf,5);
      |                                 ^~~~~~
      |                                 |
      |                                 char *
In file included from ../Core/Inc/stm32l4xx_hal_conf.h:450,
                 from ../Drivers/STM32L4xx_HAL_Driver/Inc/stm32l4xx_hal.h:29,
                 from ../Core/Inc/main.h:30,
                 from ../Core/Src/main.c:20:
../Drivers/STM32L4xx_HAL_Driver/Inc/stm32l4xx_hal_uart.h:1702:76: note: expected 'uint8_t *' {aka 'unsigned char *'} but argument is of type 'char *'
 1702 | HAL_StatusTypeDef HAL_UART_Receive_DMA(UART_HandleTypeDef *huart, uint8_t *pData, uint16_t Size);
      |                                                                   ~~~~~~~~~^~~~~
arm-none-eabi-gcc -o "Project1.elf" @"objects.list"   -mcpu=cortex-m4 -T"C:\Users\Justin HUa\STM32CubeIDE\workspace_1.15.1\Project1\STM32L432KCUX_FLASH.ld" --specs=nosys.specs -Wl,-Map="Project1.map" -Wl,--gc-sections -static -u _printf_float --specs=nano.specs -mfpu=fpv4-sp-d16 -mfloat-abi=hard -mthumb -Wl,--start-group -lc -lm -Wl,--end-group
Finished building target: Project1.elf
 
arm-none-eabi-size  Project1.elf 
arm-none-eabi-objdump -h -S Project1.elf  > "Project1.list"
   text	   data	    bss	    dec	    hex	filename
  50528	    484	  22532	  73544	  11f48	Project1.elf
Finished building: default.size.stdout
 
Finished building: Project1.list
 
22:45:59 **** Incremental Build of configuration Debug for project Project1 ****
make -j24 all 
arm-none-eabi-gcc "../Core/Src/main.c" -mcpu=cortex-m4 -std=gnu11 -g3 -DDEBUG -DUSE_HAL_DRIVER -DSTM32L432xx -c -I../Core/Inc -I../Drivers/STM32L4xx_HAL_Driver/Inc -I../Drivers/STM32L4xx_HAL_Driver/Inc/Legacy -I../Drivers/CMSIS/Device/ST/STM32L4xx/Include -I../Drivers/CMSIS/Include -O0 -ffunction-sections -fdata-sections -Wall -fstack-usage -fcyclomatic-complexity -MMD -MP -MF"Core/Src/main.d" -MT"Core/Src/main.o" --specs=nano.specs -mfpu=fpv4-sp-d16 -mfloat-abi=hard -mthumb -o "Core/Src/main.o"
../Core/Src/main.c: In function 'generate_linear':
../Core/Src/main.c:146:9: warning: implicit declaration of function 'AD5761_Write' [-Wimplicit-function-declaration]
  146 |         AD5761_Write((uint8_t)DAC_update_address, dac_value);
      |         ^~~~~~~~~~~~
../Core/Src/main.c: At top level:
../Core/Src/main.c:189:6: warning: conflicting types for 'AD5761_Write'; have 'void(uint8_t,  uint16_t)' {aka 'void(unsigned char,  short unsigned int)'}
  189 | void AD5761_Write(uint8_t reg, uint16_t value) {
      |      ^~~~~~~~~~~~
../Core/Src/main.c:146:9: note: previous implicit declaration of 'AD5761_Write' with type 'void(uint8_t,  uint16_t)' {aka 'void(unsigned char,  short unsigned int)'}
  146 |         AD5761_Write((uint8_t)DAC_update_address, dac_value);
      |         ^~~~~~~~~~~~
../Core/Src/main.c: In function 'main':
../Core/Src/main.c:265:33: warning: pointer targets in passing argument 2 of 'HAL_UART_Receive_DMA' differ in signedness [-Wpointer-sign]
  265 |   HAL_UART_Receive_DMA(&huart2, rx_buf,5);
      |                                 ^~~~~~
      |                                 |
      |                                 char *
In file included from ../Core/Inc/stm32l4xx_hal_conf.h:450,
                 from ../Drivers/STM32L4xx_HAL_Driver/Inc/stm32l4xx_hal.h:29,
                 from ../Core/Inc/main.h:30,
                 from ../Core/Src/main.c:20:
../Drivers/STM32L4xx_HAL_Driver/Inc/stm32l4xx_hal_uart.h:1702:76: note: expected 'uint8_t *' {aka 'unsigned char *'} but argument is of type 'char *'
 1702 | HAL_StatusTypeDef HAL_UART_Receive_DMA(UART_HandleTypeDef *huart, uint8_t *pData, uint16_t Size);
      |                                                                   ~~~~~~~~~^~~~~
arm-none-eabi-gcc -o "Project1.elf" @"objects.list"   -mcpu=cortex-m4 -T"C:\Users\Justin HUa\STM32CubeIDE\workspace_1.15.1\Project1\STM32L432KCUX_FLASH.ld" --specs=nosys.specs -Wl,-Map="Project1.map" -Wl,--gc-sections -static -u _printf_float --specs=nano.specs -mfpu=fpv4-sp-d16 -mfloat-abi=hard -mthumb -Wl,--start-group -lc -lm -Wl,--end-group
Finished building target: Project1.elf
 
arm-none-eabi-size  Project1.elf 
arm-none-eabi-objdump -h -S Project1.elf  > "Project1.list"
   text	   data	    bss	    dec	    hex	filename
  50528	    484	  22532	  73544	  11f48	Project1.elf
Finished building: default.size.stdout
 
Finished building: Project1.list
 
23:04:22 **** Incremental Build of configuration Debug for project Project1 ****
make -j24 all 
arm-none-eabi-size  Project1.elf 
   text	   data	    bss	    dec	    hex	filename
  50528	    484	  22532	  73544	  11f48	Project1.elf
Finished building: default.size.stdout
 
23:05:40 **** Incremental Build of configuration Debug for project Project1 ****
make -j24 all 
arm-none-eabi-gcc "../Core/Src/main.c" -mcpu=cortex-m4 -std=gnu11 -g3 -DDEBUG -DUSE_HAL_DRIVER -DSTM32L432xx -c -I../Core/Inc -I../Drivers/STM32L4xx_HAL_Driver/Inc -I../Drivers/STM32L4xx_HAL_Driver/Inc/Legacy -I../Drivers/CMSIS/Device/ST/STM32L4xx/Include -I../Drivers/CMSIS/Include -O0 -ffunction-sections -fdata-sections -Wall -fstack-usage -fcyclomatic-complexity -MMD -MP -MF"Core/Src/main.d" -MT"Core/Src/main.o" --specs=nano.specs -mfpu=fpv4-sp-d16 -mfloat-abi=hard -mthumb -o "Core/Src/main.o"
../Core/Src/main.c: In function 'generate_linear':
../Core/Src/main.c:146:9: warning: implicit declaration of function 'AD5761_Write' [-Wimplicit-function-declaration]
  146 |         AD5761_Write((uint8_t)DAC_update_address, dac_value);
      |         ^~~~~~~~~~~~
../Core/Src/main.c: At top level:
../Core/Src/main.c:189:6: warning: conflicting types for 'AD5761_Write'; have 'void(uint8_t,  uint16_t)' {aka 'void(unsigned char,  short unsigned int)'}
  189 | void AD5761_Write(uint8_t reg, uint16_t value) {
      |      ^~~~~~~~~~~~
../Core/Src/main.c:146:9: note: previous implicit declaration of 'AD5761_Write' with type 'void(uint8_t,  uint16_t)' {aka 'void(unsigned char,  short unsigned int)'}
  146 |         AD5761_Write((uint8_t)DAC_update_address, dac_value);
      |         ^~~~~~~~~~~~
../Core/Src/main.c: In function 'main':
../Core/Src/main.c:265:33: warning: pointer targets in passing argument 2 of 'HAL_UART_Receive_DMA' differ in signedness [-Wpointer-sign]
  265 |   HAL_UART_Receive_DMA(&huart2, rx_buf,5);
      |                                 ^~~~~~
      |                                 |
      |                                 char *
In file included from ../Core/Inc/stm32l4xx_hal_conf.h:450,
                 from ../Drivers/STM32L4xx_HAL_Driver/Inc/stm32l4xx_hal.h:29,
                 from ../Core/Inc/main.h:30,
                 from ../Core/Src/main.c:20:
../Drivers/STM32L4xx_HAL_Driver/Inc/stm32l4xx_hal_uart.h:1702:76: note: expected 'uint8_t *' {aka 'unsigned char *'} but argument is of type 'char *'
 1702 | HAL_StatusTypeDef HAL_UART_Receive_DMA(UART_HandleTypeDef *huart, uint8_t *pData, uint16_t Size);
      |                                                                   ~~~~~~~~~^~~~~
arm-none-eabi-gcc -o "Project1.elf" @"objects.list"   -mcpu=cortex-m4 -T"C:\Users\Justin HUa\STM32CubeIDE\workspace_1.15.1\Project1\STM32L432KCUX_FLASH.ld" --specs=nosys.specs -Wl,-Map="Project1.map" -Wl,--gc-sections -static -u _printf_float --specs=nano.specs -mfpu=fpv4-sp-d16 -mfloat-abi=hard -mthumb -Wl,--start-group -lc -lm -Wl,--end-group
Finished building target: Project1.elf
 
arm-none-eabi-size  Project1.elf 
arm-none-eabi-objdump -h -S Project1.elf  > "Project1.list"
   text	   data	    bss	    dec	    hex	filename
  50992	    484	  22532	  74008	  12118	Project1.elf
Finished building: default.size.stdout
 
Finished building: Project1.list
 
23:24:03 **** Incremental Build of configuration Debug for project Project1 ****
make -j24 all 
arm-none-eabi-size  Project1.elf 
   text	   data	    bss	    dec	    hex	filename
  50992	    484	  22532	  74008	  12118	Project1.elf
Finished building: default.size.stdout
 
23:35:26 **** Incremental Build of configuration Debug for project Project1 ****
make -j24 all 
arm-none-eabi-size  Project1.elf 
   text	   data	    bss	    dec	    hex	filename
  50992	    484	  22532	  74008	  12118	Project1.elf
Finished building: default.size.stdout
 
23:45:11 **** Incremental Build of configuration Debug for project Project1 ****
make -j24 all 
arm-none-eabi-size  Project1.elf 
   text	   data	    bss	    dec	    hex	filename
  50992	    484	  22532	  74008	  12118	Project1.elf
Finished building: default.size.stdout
 
